=== S1 20:21:31
rc=0
[driver] S1: 6 assertions executed (min 6)
[driver] S1: ALL PASS
=== S2 20:22:30
rc=0
[driver] S2: 15 assertions executed (min 15)
[driver] S2: ALL PASS
=== S3 20:23:38
rc=0
[driver] S3: 15 assertions executed (min 15)
[driver] S3: ALL PASS
=== S4 20:24:50
rc=0
[driver] S4: 4 assertions executed (min 4)
[driver] S4: ALL PASS
=== S6 20:25:59
rc=0
[driver] S6: 20 assertions executed (min 20)
[driver] S6: ALL PASS
=== S9 20:27:55
rc=0
[driver] S9: 20 assertions executed (min 20)
[driver] S9: ALL PASS
=== S11 20:29:59
rc=0
[driver] S11: 36 assertions executed (min 36)
[driver] S11: ALL PASS
=== S12 20:32:14
rc=0
[driver] S12: 21 assertions executed (min 21)
[driver] S12: ALL PASS
=== S13 20:33:26
rc=0
[driver] S13: 27 assertions executed (min 27)
[driver] S13: ALL PASS
=== S14 20:35:33
rc=0
[driver] S14: 44 assertions executed (min 44)
[driver] S14: ALL PASS
=== S15 20:37:57
rc=0
[driver] S15: 22 assertions executed (min 22)
[driver] S15: ALL PASS
=== S16 20:39:18
rc=0
[driver] S16: 20 assertions executed (min 20)
[driver] S16: ALL PASS
=== S17 20:40:45
rc=0
[driver] S17: 24 assertions executed (min 24)
[driver] S17: ALL PASS
=== S18 20:42:31
rc=0
[driver] S18: 37 assertions executed (min 37)
[driver] S18: ALL PASS
=== S19 20:46:45
rc=0
[driver] S19: 22 assertions executed (min 22)
[driver] S19: ALL PASS
=== sweep done 20:48:44
