1787756394.074 scheduler instrumented
1787756394.505 connector instrumented
1787756506.768 scheduler init defer_block_free=False requires_kv_delivery=True max_concurrent_batches=1 async_scheduling=False watermark_blocks=0 is_kv_consumer=True
1787756529.636   match step=0 0-9b699d21 status=WAITING vllm_computed=0 -> (0, False)
1787756529.636   alloc step=0 0-9b699d21 ext=0
1787756529.642   match step=0 1-994b85b3 status=WAITING vllm_computed=0 -> (0, False)
1787756529.642   alloc step=0 1-994b85b3 ext=0
1787756529.649   match step=0 2-b66f3f61 status=WAITING vllm_computed=0 -> (0, False)
1787756529.649   alloc step=0 2-b66f3f61 ext=0
1787756529.655   match step=0 3-a7636c4c status=WAITING vllm_computed=0 -> (0, False)
1787756529.655   alloc step=0 3-a7636c4c ext=0
1787756529.661   match step=0 4-855735b9 status=WAITING vllm_computed=0 -> (0, False)
1787756529.661   alloc step=0 4-855735b9 ext=0
1787756529.668   match step=0 5-a3854268 status=WAITING vllm_computed=0 -> (0, False)
1787756529.668   alloc step=0 5-a3854268 ext=0
1787756529.668 step=0 run=6 wait=0 skip=0 free=13 reserved=0 inflight_prefills=0 deferred=0entries/0blocks fences=[] sched_seq=0/proc_seq=0 sched_tok=1782 new=6 preempted=[] finished=[] | 0-9b699d21:RUNNING:c297/297:p0:b19 1-994b85b3:RUNNING:c297/297:p0:b19 2-b66f3f61:RUNNING:c297/297:p0:b19 3-a7636c4c:RUNNING:c297/297:p0:b19 4-855735b9:RUNNING:c297/297:p0:b19 5-a3854268:RUNNING:c297/297:p0:b19
1787756529.780 step=1 run=6 wait=0 skip=0 free=13 reserved=0 inflight_prefills=0 deferred=0entries/0blocks fences=[] sched_seq=0/proc_seq=0 sched_tok=6 new=0 preempted=[] finished=[] | 0-9b699d21:RUNNING:c298/298:p0:b19 1-994b85b3:RUNNING:c298/298:p0:b19 2-b66f3f61:RUNNING:c298/298:p0:b19 3-a7636c4c:RUNNING:c298/298:p0:b19 4-855735b9:RUNNING:c298/298:p0:b19 5-a3854268:RUNNING:c298/298:p0:b19
1787756529.799 step=2 run=6 wait=0 skip=0 free=13 reserved=0 inflight_prefills=0 deferred=0entries/0blocks fences=[] sched_seq=0/proc_seq=0 sched_tok=6 new=0 preempted=[] finished=[] | 0-9b699d21:RUNNING:c299/299:p0:b19 1-994b85b3:RUNNING:c299/299:p0:b19 2-b66f3f61:RUNNING:c299/299:p0:b19 3-a7636c4c:RUNNING:c299/299:p0:b19 4-855735b9:RUNNING:c299/299:p0:b19 5-a3854268:RUNNING:c299/299:p0:b19
1787756529.813 step=3 run=6 wait=0 skip=0 free=13 reserved=0 inflight_prefills=0 deferred=0entries/0blocks fences=[] sched_seq=0/proc_seq=0 sched_tok=6 new=0 preempted=[] finished=[] | 0-9b699d21:RUNNING:c300/300:p0:b19 1-994b85b3:RUNNING:c300/300:p0:b19 2-b66f3f61:RUNNING:c300/300:p0:b19 3-a7636c4c:RUNNING:c300/300:p0:b19 4-855735b9:RUNNING:c300/300:p0:b19 5-a3854268:RUNNING:c300/300:p0:b19
1787756529.826 step=4 run=6 wait=0 skip=0 free=13 reserved=0 inflight_prefills=0 deferred=0entries/0blocks fences=[] sched_seq=0/proc_seq=0 sched_tok=6 new=0 preempted=[] finished=[] | 0-9b699d21:RUNNING:c301/301:p0:b19 1-994b85b3:RUNNING:c301/301:p0:b19 2-b66f3f61:RUNNING:c301/301:p0:b19 3-a7636c4c:RUNNING:c301/301:p0:b19 4-855735b9:RUNNING:c301/301:p0:b19 5-a3854268:RUNNING:c301/301:p0:b19
1787756529.840 step=5 run=6 wait=0 skip=0 free=13 reserved=0 inflight_prefills=0 deferred=0entries/0blocks fences=[] sched_seq=0/proc_seq=0 sched_tok=6 new=0 preempted=[] finished=[] | 0-9b699d21:RUNNING:c302/302:p0:b19 1-994b85b3:RUNNING:c302/302:p0:b19 2-b66f3f61:RUNNING:c302/302:p0:b19 3-a7636c4c:RUNNING:c302/302:p0:b19 4-855735b9:RUNNING:c302/302:p0:b19 5-a3854268:RUNNING:c302/302:p0:b19
1787756529.852 step=6 run=6 wait=0 skip=0 free=13 reserved=0 inflight_prefills=0 deferred=0entries/0blocks fences=[] sched_seq=0/proc_seq=0 sched_tok=6 new=0 preempted=[] finished=[] | 0-9b699d21:RUNNING:c303/303:p0:b19 1-994b85b3:RUNNING:c303/303:p0:b19 2-b66f3f61:RUNNING:c303/303:p0:b19 3-a7636c4c:RUNNING:c303/303:p0:b19 4-855735b9:RUNNING:c303/303:p0:b19 5-a3854268:RUNNING:c303/303:p0:b19
1787756529.866 step=7 run=6 wait=0 skip=0 free=13 reserved=0 inflight_prefills=0 deferred=0entries/0blocks fences=[] sched_seq=0/proc_seq=0 sched_tok=6 new=0 preempted=[] finished=[] | 0-9b699d21:RUNNING:c304/304:p0:b19 1-994b85b3:RUNNING:c304/304:p0:b19 2-b66f3f61:RUNNING:c304/304:p0:b19 3-a7636c4c:RUNNING:c304/304:p0:b19 4-855735b9:RUNNING:c304/304:p0:b19 5-a3854268:RUNNING:c304/304:p0:b19
1787756529.881 step=8 run=6 wait=0 skip=0 free=7 reserved=0 inflight_prefills=0 deferred=0entries/0blocks fences=[] sched_seq=0/proc_seq=0 sched_tok=6 new=0 preempted=[] finished=[] | 0-9b699d21:RUNNING:c305/305:p0:b20 1-994b85b3:RUNNING:c305/305:p0:b20 2-b66f3f61:RUNNING:c305/305:p0:b20 3-a7636c4c:RUNNING:c305/305:p0:b20 4-855735b9:RUNNING:c305/305:p0:b20 5-a3854268:RUNNING:c305/305:p0:b20
1787756529.895 step=9 run=6 wait=0 skip=0 free=7 reserved=0 inflight_prefills=0 deferred=0entries/0blocks fences=[] sched_seq=0/proc_seq=0 sched_tok=6 new=0 preempted=[] finished=[] | 0-9b699d21:RUNNING:c306/306:p0:b20 1-994b85b3:RUNNING:c306/306:p0:b20 2-b66f3f61:RUNNING:c306/306:p0:b20 3-a7636c4c:RUNNING:c306/306:p0:b20 4-855735b9:RUNNING:c306/306:p0:b20 5-a3854268:RUNNING:c306/306:p0:b20
1787756529.908 step=10 run=6 wait=0 skip=0 free=7 reserved=0 inflight_prefills=0 deferred=0entries/0blocks fences=[] sched_seq=0/proc_seq=0 sched_tok=6 new=0 preempted=[] finished=[] | 0-9b699d21:RUNNING:c307/307:p0:b20 1-994b85b3:RUNNING:c307/307:p0:b20 2-b66f3f61:RUNNING:c307/307:p0:b20 3-a7636c4c:RUNNING:c307/307:p0:b20 4-855735b9:RUNNING:c307/307:p0:b20 5-a3854268:RUNNING:c307/307:p0:b20
1787756529.922 step=11 run=6 wait=0 skip=0 free=7 reserved=0 inflight_prefills=0 deferred=0entries/0blocks fences=[] sched_seq=0/proc_seq=0 sched_tok=6 new=0 preempted=[] finished=[] | 0-9b699d21:RUNNING:c308/308:p0:b20 1-994b85b3:RUNNING:c308/308:p0:b20 2-b66f3f61:RUNNING:c308/308:p0:b20 3-a7636c4c:RUNNING:c308/308:p0:b20 4-855735b9:RUNNING:c308/308:p0:b20 5-a3854268:RUNNING:c308/308:p0:b20
1787756529.936 step=12 run=6 wait=0 skip=0 free=7 reserved=0 inflight_prefills=0 deferred=0entries/0blocks fences=[] sched_seq=0/proc_seq=0 sched_tok=6 new=0 preempted=[] finished=[] | 0-9b699d21:RUNNING:c309/309:p0:b20 1-994b85b3:RUNNING:c309/309:p0:b20 2-b66f3f61:RUNNING:c309/309:p0:b20 3-a7636c4c:RUNNING:c309/309:p0:b20 4-855735b9:RUNNING:c309/309:p0:b20 5-a3854268:RUNNING:c309/309:p0:b20
1787756529.949 step=13 run=6 wait=0 skip=0 free=7 reserved=0 inflight_prefills=0 deferred=0entries/0blocks fences=[] sched_seq=0/proc_seq=0 sched_tok=6 new=0 preempted=[] finished=[] | 0-9b699d21:RUNNING:c310/310:p0:b20 1-994b85b3:RUNNING:c310/310:p0:b20 2-b66f3f61:RUNNING:c310/310:p0:b20 3-a7636c4c:RUNNING:c310/310:p0:b20 4-855735b9:RUNNING:c310/310:p0:b20 5-a3854268:RUNNING:c310/310:p0:b20
1787756529.963 step=14 run=6 wait=0 skip=0 free=7 reserved=0 inflight_prefills=0 deferred=0entries/0blocks fences=[] sched_seq=0/proc_seq=0 sched_tok=6 new=0 preempted=[] finished=[] | 0-9b699d21:RUNNING:c311/311:p0:b20 1-994b85b3:RUNNING:c311/311:p0:b20 2-b66f3f61:RUNNING:c311/311:p0:b20 3-a7636c4c:RUNNING:c311/311:p0:b20 4-855735b9:RUNNING:c311/311:p0:b20 5-a3854268:RUNNING:c311/311:p0:b20
1787756529.978 step=15 run=6 wait=0 skip=0 free=7 reserved=0 inflight_prefills=0 deferred=0entries/0blocks fences=[] sched_seq=0/proc_seq=0 sched_tok=6 new=0 preempted=[] finished=[] | 0-9b699d21:RUNNING:c312/312:p0:b20 1-994b85b3:RUNNING:c312/312:p0:b20 2-b66f3f61:RUNNING:c312/312:p0:b20 3-a7636c4c:RUNNING:c312/312:p0:b20 4-855735b9:RUNNING:c312/312:p0:b20 5-a3854268:RUNNING:c312/312:p0:b20
1787756529.990 step=16 run=6 wait=0 skip=0 free=7 reserved=0 inflight_prefills=0 deferred=0entries/0blocks fences=[] sched_seq=0/proc_seq=0 sched_tok=6 new=0 preempted=[] finished=[] | 0-9b699d21:RUNNING:c313/313:p0:b20 1-994b85b3:RUNNING:c313/313:p0:b20 2-b66f3f61:RUNNING:c313/313:p0:b20 3-a7636c4c:RUNNING:c313/313:p0:b20 4-855735b9:RUNNING:c313/313:p0:b20 5-a3854268:RUNNING:c313/313:p0:b20
1787756530.003 step=17 run=6 wait=0 skip=0 free=7 reserved=0 inflight_prefills=0 deferred=0entries/0blocks fences=[] sched_seq=0/proc_seq=0 sched_tok=6 new=0 preempted=[] finished=[] | 0-9b699d21:RUNNING:c314/314:p0:b20 1-994b85b3:RUNNING:c314/314:p0:b20 2-b66f3f61:RUNNING:c314/314:p0:b20 3-a7636c4c:RUNNING:c314/314:p0:b20 4-855735b9:RUNNING:c314/314:p0:b20 5-a3854268:RUNNING:c314/314:p0:b20
1787756530.016 step=18 run=6 wait=0 skip=0 free=7 reserved=0 inflight_prefills=0 deferred=0entries/0blocks fences=[] sched_seq=0/proc_seq=0 sched_tok=6 new=0 preempted=[] finished=[] | 0-9b699d21:RUNNING:c315/315:p0:b20 1-994b85b3:RUNNING:c315/315:p0:b20 2-b66f3f61:RUNNING:c315/315:p0:b20 3-a7636c4c:RUNNING:c315/315:p0:b20 4-855735b9:RUNNING:c315/315:p0:b20 5-a3854268:RUNNING:c315/315:p0:b20
1787756530.030 step=19 run=6 wait=0 skip=0 free=7 reserved=0 inflight_prefills=0 deferred=0entries/0blocks fences=[] sched_seq=0/proc_seq=0 sched_tok=6 new=0 preempted=[] finished=[] | 0-9b699d21:RUNNING:c316/316:p0:b20 1-994b85b3:RUNNING:c316/316:p0:b20 2-b66f3f61:RUNNING:c316/316:p0:b20 3-a7636c4c:RUNNING:c316/316:p0:b20 4-855735b9:RUNNING:c316/316:p0:b20 5-a3854268:RUNNING:c316/316:p0:b20
1787756530.044 step=20 run=6 wait=0 skip=0 free=7 reserved=0 inflight_prefills=0 deferred=0entries/0blocks fences=[] sched_seq=0/proc_seq=0 sched_tok=6 new=0 preempted=[] finished=[] | 0-9b699d21:RUNNING:c317/317:p0:b20 1-994b85b3:RUNNING:c317/317:p0:b20 2-b66f3f61:RUNNING:c317/317:p0:b20 3-a7636c4c:RUNNING:c317/317:p0:b20 4-855735b9:RUNNING:c317/317:p0:b20 5-a3854268:RUNNING:c317/317:p0:b20
1787756530.058 step=21 run=6 wait=0 skip=0 free=7 reserved=0 inflight_prefills=0 deferred=0entries/0blocks fences=[] sched_seq=0/proc_seq=0 sched_tok=6 new=0 preempted=[] finished=[] | 0-9b699d21:RUNNING:c318/318:p0:b20 1-994b85b3:RUNNING:c318/318:p0:b20 2-b66f3f61:RUNNING:c318/318:p0:b20 3-a7636c4c:RUNNING:c318/318:p0:b20 4-855735b9:RUNNING:c318/318:p0:b20 5-a3854268:RUNNING:c318/318:p0:b20
1787756530.071 step=22 run=6 wait=0 skip=0 free=7 reserved=0 inflight_prefills=0 deferred=0entries/0blocks fences=[] sched_seq=0/proc_seq=0 sched_tok=6 new=0 preempted=[] finished=[] | 0-9b699d21:RUNNING:c319/319:p0:b20 1-994b85b3:RUNNING:c319/319:p0:b20 2-b66f3f61:RUNNING:c319/319:p0:b20 3-a7636c4c:RUNNING:c319/319:p0:b20 4-855735b9:RUNNING:c319/319:p0:b20 5-a3854268:RUNNING:c319/319:p0:b20
1787756530.085 step=23 run=6 wait=0 skip=0 free=7 reserved=0 inflight_prefills=0 deferred=0entries/0blocks fences=[] sched_seq=0/proc_seq=0 sched_tok=6 new=0 preempted=[] finished=[] | 0-9b699d21:RUNNING:c320/320:p0:b20 1-994b85b3:RUNNING:c320/320:p0:b20 2-b66f3f61:RUNNING:c320/320:p0:b20 3-a7636c4c:RUNNING:c320/320:p0:b20 4-855735b9:RUNNING:c320/320:p0:b20 5-a3854268:RUNNING:c320/320:p0:b20
1787756530.099 step=24 run=6 wait=0 skip=0 free=1 reserved=0 inflight_prefills=0 deferred=0entries/0blocks fences=[] sched_seq=0/proc_seq=0 sched_tok=6 new=0 preempted=[] finished=[] | 0-9b699d21:RUNNING:c321/321:p0:b21 1-994b85b3:RUNNING:c321/321:p0:b21 2-b66f3f61:RUNNING:c321/321:p0:b21 3-a7636c4c:RUNNING:c321/321:p0:b21 4-855735b9:RUNNING:c321/321:p0:b21 5-a3854268:RUNNING:c321/321:p0:b21
1787756530.114 step=25 run=6 wait=0 skip=0 free=1 reserved=0 inflight_prefills=0 deferred=0entries/0blocks fences=[] sched_seq=0/proc_seq=0 sched_tok=6 new=0 preempted=[] finished=[] | 0-9b699d21:RUNNING:c322/322:p0:b21 1-994b85b3:RUNNING:c322/322:p0:b21 2-b66f3f61:RUNNING:c322/322:p0:b21 3-a7636c4c:RUNNING:c322/322:p0:b21 4-855735b9:RUNNING:c322/322:p0:b21 5-a3854268:RUNNING:c322/322:p0:b21
1787756530.128 step=26 run=6 wait=0 skip=0 free=1 reserved=0 inflight_prefills=0 deferred=0entries/0blocks fences=[] sched_seq=0/proc_seq=0 sched_tok=6 new=0 preempted=[] finished=[] | 0-9b699d21:RUNNING:c323/323:p0:b21 1-994b85b3:RUNNING:c323/323:p0:b21 2-b66f3f61:RUNNING:c323/323:p0:b21 3-a7636c4c:RUNNING:c323/323:p0:b21 4-855735b9:RUNNING:c323/323:p0:b21 5-a3854268:RUNNING:c323/323:p0:b21
1787756530.141 step=27 run=6 wait=0 skip=0 free=1 reserved=0 inflight_prefills=0 deferred=0entries/0blocks fences=[] sched_seq=0/proc_seq=0 sched_tok=6 new=0 preempted=[] finished=[] | 0-9b699d21:RUNNING:c324/324:p0:b21 1-994b85b3:RUNNING:c324/324:p0:b21 2-b66f3f61:RUNNING:c324/324:p0:b21 3-a7636c4c:RUNNING:c324/324:p0:b21 4-855735b9:RUNNING:c324/324:p0:b21 5-a3854268:RUNNING:c324/324:p0:b21
1787756530.155 step=28 run=6 wait=0 skip=0 free=1 reserved=0 inflight_prefills=0 deferred=0entries/0blocks fences=[] sched_seq=0/proc_seq=0 sched_tok=6 new=0 preempted=[] finished=[] | 0-9b699d21:RUNNING:c325/325:p0:b21 1-994b85b3:RUNNING:c325/325:p0:b21 2-b66f3f61:RUNNING:c325/325:p0:b21 3-a7636c4c:RUNNING:c325/325:p0:b21 4-855735b9:RUNNING:c325/325:p0:b21 5-a3854268:RUNNING:c325/325:p0:b21
1787756530.285 step=29 run=6 wait=0 skip=0 free=1 reserved=0 inflight_prefills=0 deferred=0entries/0blocks fences=[] sched_seq=0/proc_seq=0 sched_tok=6 new=0 preempted=[] finished=[] | 0-9b699d21:RUNNING:c326/326:p0:b21 1-994b85b3:RUNNING:c326/326:p0:b21 2-b66f3f61:RUNNING:c326/326:p0:b21 3-a7636c4c:RUNNING:c326/326:p0:b21 4-855735b9:RUNNING:c326/326:p0:b21 5-a3854268:RUNNING:c326/326:p0:b21
1787756530.301 step=30 run=6 wait=0 skip=0 free=1 reserved=0 inflight_prefills=0 deferred=0entries/0blocks fences=[] sched_seq=0/proc_seq=0 sched_tok=6 new=0 preempted=[] finished=[] | 0-9b699d21:RUNNING:c327/327:p0:b21 1-994b85b3:RUNNING:c327/327:p0:b21 2-b66f3f61:RUNNING:c327/327:p0:b21 3-a7636c4c:RUNNING:c327/327:p0:b21 4-855735b9:RUNNING:c327/327:p0:b21 5-a3854268:RUNNING:c327/327:p0:b21
1787756530.316 step=31 run=6 wait=0 skip=0 free=1 reserved=0 inflight_prefills=0 deferred=0entries/0blocks fences=[] sched_seq=0/proc_seq=0 sched_tok=6 new=0 preempted=[] finished=[] | 0-9b699d21:RUNNING:c328/328:p0:b21 1-994b85b3:RUNNING:c328/328:p0:b21 2-b66f3f61:RUNNING:c328/328:p0:b21 3-a7636c4c:RUNNING:c328/328:p0:b21 4-855735b9:RUNNING:c328/328:p0:b21 5-a3854268:RUNNING:c328/328:p0:b21
1787756530.330 step=32 run=6 wait=0 skip=0 free=1 reserved=0 inflight_prefills=0 deferred=0entries/0blocks fences=[] sched_seq=0/proc_seq=0 sched_tok=6 new=0 preempted=[] finished=[] | 0-9b699d21:RUNNING:c329/329:p0:b21 1-994b85b3:RUNNING:c329/329:p0:b21 2-b66f3f61:RUNNING:c329/329:p0:b21 3-a7636c4c:RUNNING:c329/329:p0:b21 4-855735b9:RUNNING:c329/329:p0:b21 5-a3854268:RUNNING:c329/329:p0:b21
1787756530.345 step=33 run=6 wait=0 skip=0 free=1 reserved=0 inflight_prefills=0 deferred=0entries/0blocks fences=[] sched_seq=0/proc_seq=0 sched_tok=6 new=0 preempted=[] finished=[] | 0-9b699d21:RUNNING:c330/330:p0:b21 1-994b85b3:RUNNING:c330/330:p0:b21 2-b66f3f61:RUNNING:c330/330:p0:b21 3-a7636c4c:RUNNING:c330/330:p0:b21 4-855735b9:RUNNING:c330/330:p0:b21 5-a3854268:RUNNING:c330/330:p0:b21
1787756530.360 step=34 run=6 wait=0 skip=0 free=1 reserved=0 inflight_prefills=0 deferred=0entries/0blocks fences=[] sched_seq=0/proc_seq=0 sched_tok=6 new=0 preempted=[] finished=[] | 0-9b699d21:RUNNING:c331/331:p0:b21 1-994b85b3:RUNNING:c331/331:p0:b21 2-b66f3f61:RUNNING:c331/331:p0:b21 3-a7636c4c:RUNNING:c331/331:p0:b21 4-855735b9:RUNNING:c331/331:p0:b21 5-a3854268:RUNNING:c331/331:p0:b21
1787756530.372 step=35 run=6 wait=0 skip=0 free=1 reserved=0 inflight_prefills=0 deferred=0entries/0blocks fences=[] sched_seq=0/proc_seq=0 sched_tok=6 new=0 preempted=[] finished=[] | 0-9b699d21:RUNNING:c332/332:p0:b21 1-994b85b3:RUNNING:c332/332:p0:b21 2-b66f3f61:RUNNING:c332/332:p0:b21 3-a7636c4c:RUNNING:c332/332:p0:b21 4-855735b9:RUNNING:c332/332:p0:b21 5-a3854268:RUNNING:c332/332:p0:b21
1787756530.385 step=36 run=6 wait=0 skip=0 free=1 reserved=0 inflight_prefills=0 deferred=0entries/0blocks fences=[] sched_seq=0/proc_seq=0 sched_tok=6 new=0 preempted=[] finished=[] | 0-9b699d21:RUNNING:c333/333:p0:b21 1-994b85b3:RUNNING:c333/333:p0:b21 2-b66f3f61:RUNNING:c333/333:p0:b21 3-a7636c4c:RUNNING:c333/333:p0:b21 4-855735b9:RUNNING:c333/333:p0:b21 5-a3854268:RUNNING:c333/333:p0:b21
1787756530.397 step=37 run=6 wait=0 skip=0 free=1 reserved=0 inflight_prefills=0 deferred=0entries/0blocks fences=[] sched_seq=0/proc_seq=0 sched_tok=6 new=0 preempted=[] finished=[] | 0-9b699d21:RUNNING:c334/334:p0:b21 1-994b85b3:RUNNING:c334/334:p0:b21 2-b66f3f61:RUNNING:c334/334:p0:b21 3-a7636c4c:RUNNING:c334/334:p0:b21 4-855735b9:RUNNING:c334/334:p0:b21 5-a3854268:RUNNING:c334/334:p0:b21
1787756530.411 step=38 run=6 wait=0 skip=0 free=1 reserved=0 inflight_prefills=0 deferred=0entries/0blocks fences=[] sched_seq=0/proc_seq=0 sched_tok=6 new=0 preempted=[] finished=[] | 0-9b699d21:RUNNING:c335/335:p0:b21 1-994b85b3:RUNNING:c335/335:p0:b21 2-b66f3f61:RUNNING:c335/335:p0:b21 3-a7636c4c:RUNNING:c335/335:p0:b21 4-855735b9:RUNNING:c335/335:p0:b21 5-a3854268:RUNNING:c335/335:p0:b21
1787756530.424 step=39 run=6 wait=0 skip=0 free=1 reserved=0 inflight_prefills=0 deferred=0entries/0blocks fences=[] sched_seq=0/proc_seq=0 sched_tok=6 new=0 preempted=[] finished=[] | 0-9b699d21:RUNNING:c336/336:p0:b21 1-994b85b3:RUNNING:c336/336:p0:b21 2-b66f3f61:RUNNING:c336/336:p0:b21 3-a7636c4c:RUNNING:c336/336:p0:b21 4-855735b9:RUNNING:c336/336:p0:b21 5-a3854268:RUNNING:c336/336:p0:b21
1787756530.439 PREEMPT step=40 5-a3854268 status=RUNNING computed=336 npreempt=0 inflight=False
1787756530.440 step=40 run=5 wait=1 skip=0 free=17 reserved=0 inflight_prefills=0 deferred=0entries/0blocks fences=[] sched_seq=0/proc_seq=0 sched_tok=5 new=0 preempted=['5-a3854268'] finished=[] | 0-9b699d21:RUNNING:c337/337:p0:b22 1-994b85b3:RUNNING:c337/337:p0:b22 2-b66f3f61:RUNNING:c337/337:p0:b22 3-a7636c4c:RUNNING:c337/337:p0:b22 4-855735b9:RUNNING:c337/337:p0:b22 5-a3854268:PREEMPTED:c0/337:p1:b0
1787756530.461   match step=41 5-a3854268 status=PREEMPTED vllm_computed=0 -> (0, False)
1787756530.461 step=41 run=5 wait=1 skip=0 free=17 reserved=0 inflight_prefills=0 deferred=0entries/0blocks fences=[] sched_seq=0/proc_seq=0 sched_tok=5 new=0 preempted=[] finished=[] | 0-9b699d21:RUNNING:c338/338:p0:b22 1-994b85b3:RUNNING:c338/338:p0:b22 2-b66f3f61:RUNNING:c338/338:p0:b22 3-a7636c4c:RUNNING:c338/338:p0:b22 4-855735b9:RUNNING:c338/338:p0:b22 5-a3854268:PREEMPTED:c0/337:p1:b0
1787756530.475   match step=42 5-a3854268 status=PREEMPTED vllm_computed=0 -> (0, False)
1787756530.475 step=42 run=5 wait=1 skip=0 free=17 reserved=0 inflight_prefills=0 deferred=0entries/0blocks fences=[] sched_seq=0/proc_seq=0 sched_tok=5 new=0 preempted=[] finished=[] | 0-9b699d21:RUNNING:c339/339:p0:b22 1-994b85b3:RUNNING:c339/339:p0:b22 2-b66f3f61:RUNNING:c339/339:p0:b22 3-a7636c4c:RUNNING:c339/339:p0:b22 4-855735b9:RUNNING:c339/339:p0:b22 5-a3854268:PREEMPTED:c0/337:p1:b0
1787756530.489   match step=43 5-a3854268 status=PREEMPTED vllm_computed=0 -> (0, False)
1787756530.489 step=43 run=5 wait=1 skip=0 free=17 reserved=0 inflight_prefills=0 deferred=0entries/0blocks fences=[] sched_seq=0/proc_seq=0 sched_tok=5 new=0 preempted=[] finished=[] | 0-9b699d21:RUNNING:c340/340:p0:b22 1-994b85b3:RUNNING:c340/340:p0:b22 2-b66f3f61:RUNNING:c340/340:p0:b22 3-a7636c4c:RUNNING:c340/340:p0:b22 4-855735b9:RUNNING:c340/340:p0:b22 5-a3854268:PREEMPTED:c0/337:p1:b0
1787756530.502   match step=44 5-a3854268 status=PREEMPTED vllm_computed=0 -> (0, False)
1787756530.502 step=44 run=5 wait=1 skip=0 free=17 reserved=0 inflight_prefills=0 deferred=0entries/0blocks fences=[] sched_seq=0/proc_seq=0 sched_tok=5 new=0 preempted=[] finished=[] | 0-9b699d21:RUNNING:c341/341:p0:b22 1-994b85b3:RUNNING:c341/341:p0:b22 2-b66f3f61:RUNNING:c341/341:p0:b22 3-a7636c4c:RUNNING:c341/341:p0:b22 4-855735b9:RUNNING:c341/341:p0:b22 5-a3854268:PREEMPTED:c0/337:p1:b0
1787756530.516   match step=45 5-a3854268 status=PREEMPTED vllm_computed=0 -> (0, False)
1787756530.516 step=45 run=5 wait=1 skip=0 free=17 reserved=0 inflight_prefills=0 deferred=0entries/0blocks fences=[] sched_seq=0/proc_seq=0 sched_tok=5 new=0 preempted=[] finished=[] | 0-9b699d21:RUNNING:c342/342:p0:b22 1-994b85b3:RUNNING:c342/342:p0:b22 2-b66f3f61:RUNNING:c342/342:p0:b22 3-a7636c4c:RUNNING:c342/342:p0:b22 4-855735b9:RUNNING:c342/342:p0:b22 5-a3854268:PREEMPTED:c0/337:p1:b0
1787756530.530   match step=46 5-a3854268 status=PREEMPTED vllm_computed=0 -> (0, False)
1787756530.530 step=46 run=5 wait=1 skip=0 free=17 reserved=0 inflight_prefills=0 deferred=0entries/0blocks fences=[] sched_seq=0/proc_seq=0 sched_tok=5 new=0 preempted=[] finished=[] | 0-9b699d21:RUNNING:c343/343:p0:b22 1-994b85b3:RUNNING:c343/343:p0:b22 2-b66f3f61:RUNNING:c343/343:p0:b22 3-a7636c4c:RUNNING:c343/343:p0:b22 4-855735b9:RUNNING:c343/343:p0:b22 5-a3854268:PREEMPTED:c0/337:p1:b0
1787756530.544   match step=47 5-a3854268 status=PREEMPTED vllm_computed=0 -> (0, False)
1787756530.544 step=47 run=5 wait=1 skip=0 free=17 reserved=0 inflight_prefills=0 deferred=0entries/0blocks fences=[] sched_seq=0/proc_seq=0 sched_tok=5 new=0 preempted=[] finished=[] | 0-9b699d21:RUNNING:c344/344:p0:b22 1-994b85b3:RUNNING:c344/344:p0:b22 2-b66f3f61:RUNNING:c344/344:p0:b22 3-a7636c4c:RUNNING:c344/344:p0:b22 4-855735b9:RUNNING:c344/344:p0:b22 5-a3854268:PREEMPTED:c0/337:p1:b0
1787756530.557   match step=48 5-a3854268 status=PREEMPTED vllm_computed=0 -> (0, False)
1787756530.557 step=48 run=5 wait=1 skip=0 free=17 reserved=0 inflight_prefills=0 deferred=0entries/0blocks fences=[] sched_seq=0/proc_seq=0 sched_tok=5 new=0 preempted=[] finished=[] | 0-9b699d21:RUNNING:c345/345:p0:b22 1-994b85b3:RUNNING:c345/345:p0:b22 2-b66f3f61:RUNNING:c345/345:p0:b22 3-a7636c4c:RUNNING:c345/345:p0:b22 4-855735b9:RUNNING:c345/345:p0:b22 5-a3854268:PREEMPTED:c0/337:p1:b0
1787756530.571   match step=49 5-a3854268 status=PREEMPTED vllm_computed=0 -> (0, False)
1787756530.571 step=49 run=5 wait=1 skip=0 free=17 reserved=0 inflight_prefills=0 deferred=0entries/0blocks fences=[] sched_seq=0/proc_seq=0 sched_tok=5 new=0 preempted=[] finished=[] | 0-9b699d21:RUNNING:c346/346:p0:b22 1-994b85b3:RUNNING:c346/346:p0:b22 2-b66f3f61:RUNNING:c346/346:p0:b22 3-a7636c4c:RUNNING:c346/346:p0:b22 4-855735b9:RUNNING:c346/346:p0:b22 5-a3854268:PREEMPTED:c0/337:p1:b0
1787756530.585   match step=50 5-a3854268 status=PREEMPTED vllm_computed=0 -> (0, False)
1787756530.585 step=50 run=5 wait=1 skip=0 free=17 reserved=0 inflight_prefills=0 deferred=0entries/0blocks fences=[] sched_seq=0/proc_seq=0 sched_tok=5 new=0 preempted=[] finished=[] | 0-9b699d21:RUNNING:c347/347:p0:b22 1-994b85b3:RUNNING:c347/347:p0:b22 2-b66f3f61:RUNNING:c347/347:p0:b22 3-a7636c4c:RUNNING:c347/347:p0:b22 4-855735b9:RUNNING:c347/347:p0:b22 5-a3854268:PREEMPTED:c0/337:p1:b0
1787756530.599   match step=51 5-a3854268 status=PREEMPTED vllm_computed=0 -> (0, False)
1787756530.599 step=51 run=5 wait=1 skip=0 free=17 reserved=0 inflight_prefills=0 deferred=0entries/0blocks fences=[] sched_seq=0/proc_seq=0 sched_tok=5 new=0 preempted=[] finished=[] | 0-9b699d21:RUNNING:c348/348:p0:b22 1-994b85b3:RUNNING:c348/348:p0:b22 2-b66f3f61:RUNNING:c348/348:p0:b22 3-a7636c4c:RUNNING:c348/348:p0:b22 4-855735b9:RUNNING:c348/348:p0:b22 5-a3854268:PREEMPTED:c0/337:p1:b0
1787756530.613   match step=52 5-a3854268 status=PREEMPTED vllm_computed=0 -> (0, False)
1787756530.613 step=52 run=5 wait=1 skip=0 free=17 reserved=0 inflight_prefills=0 deferred=0entries/0blocks fences=[] sched_seq=0/proc_seq=0 sched_tok=5 new=0 preempted=[] finished=[] | 0-9b699d21:RUNNING:c349/349:p0:b22 1-994b85b3:RUNNING:c349/349:p0:b22 2-b66f3f61:RUNNING:c349/349:p0:b22 3-a7636c4c:RUNNING:c349/349:p0:b22 4-855735b9:RUNNING:c349/349:p0:b22 5-a3854268:PREEMPTED:c0/337:p1:b0
1787756530.628   match step=53 5-a3854268 status=PREEMPTED vllm_computed=0 -> (0, False)
1787756530.628 step=53 run=5 wait=1 skip=0 free=17 reserved=0 inflight_prefills=0 deferred=0entries/0blocks fences=[] sched_seq=0/proc_seq=0 sched_tok=5 new=0 preempted=[] finished=[] | 0-9b699d21:RUNNING:c350/350:p0:b22 1-994b85b3:RUNNING:c350/350:p0:b22 2-b66f3f61:RUNNING:c350/350:p0:b22 3-a7636c4c:RUNNING:c350/350:p0:b22 4-855735b9:RUNNING:c350/350:p0:b22 5-a3854268:PREEMPTED:c0/337:p1:b0
1787756530.642   match step=54 5-a3854268 status=PREEMPTED vllm_computed=0 -> (0, False)
1787756530.642 step=54 run=5 wait=1 skip=0 free=17 reserved=0 inflight_prefills=0 deferred=0entries/0blocks fences=[] sched_seq=0/proc_seq=0 sched_tok=5 new=0 preempted=[] finished=[] | 0-9b699d21:RUNNING:c351/351:p0:b22 1-994b85b3:RUNNING:c351/351:p0:b22 2-b66f3f61:RUNNING:c351/351:p0:b22 3-a7636c4c:RUNNING:c351/351:p0:b22 4-855735b9:RUNNING:c351/351:p0:b22 5-a3854268:PREEMPTED:c0/337:p1:b0
1787756530.655   match step=55 5-a3854268 status=PREEMPTED vllm_computed=0 -> (0, False)
1787756530.656 step=55 run=5 wait=1 skip=0 free=17 reserved=0 inflight_prefills=0 deferred=0entries/0blocks fences=[] sched_seq=0/proc_seq=0 sched_tok=5 new=0 preempted=[] finished=[] | 0-9b699d21:RUNNING:c352/352:p0:b22 1-994b85b3:RUNNING:c352/352:p0:b22 2-b66f3f61:RUNNING:c352/352:p0:b22 3-a7636c4c:RUNNING:c352/352:p0:b22 4-855735b9:RUNNING:c352/352:p0:b22 5-a3854268:PREEMPTED:c0/337:p1:b0
1787756530.670   match step=56 5-a3854268 status=PREEMPTED vllm_computed=0 -> (0, False)
1787756530.670 step=56 run=5 wait=1 skip=0 free=12 reserved=0 inflight_prefills=0 deferred=0entries/0blocks fences=[] sched_seq=0/proc_seq=0 sched_tok=5 new=0 preempted=[] finished=[] | 0-9b699d21:RUNNING:c353/353:p0:b23 1-994b85b3:RUNNING:c353/353:p0:b23 2-b66f3f61:RUNNING:c353/353:p0:b23 3-a7636c4c:RUNNING:c353/353:p0:b23 4-855735b9:RUNNING:c353/353:p0:b23 5-a3854268:PREEMPTED:c0/337:p1:b0
1787756530.686   match step=57 5-a3854268 status=PREEMPTED vllm_computed=0 -> (0, False)
1787756530.686 step=57 run=5 wait=1 skip=0 free=12 reserved=0 inflight_prefills=0 deferred=0entries/0blocks fences=[] sched_seq=0/proc_seq=0 sched_tok=5 new=0 preempted=[] finished=[] | 0-9b699d21:RUNNING:c354/354:p0:b23 1-994b85b3:RUNNING:c354/354:p0:b23 2-b66f3f61:RUNNING:c354/354:p0:b23 3-a7636c4c:RUNNING:c354/354:p0:b23 4-855735b9:RUNNING:c354/354:p0:b23 5-a3854268:PREEMPTED:c0/337:p1:b0
1787756530.701   match step=58 5-a3854268 status=PREEMPTED vllm_computed=0 -> (0, False)
1787756530.701 step=58 run=5 wait=1 skip=0 free=12 reserved=0 inflight_prefills=0 deferred=0entries/0blocks fences=[] sched_seq=0/proc_seq=0 sched_tok=5 new=0 preempted=[] finished=[] | 0-9b699d21:RUNNING:c355/355:p0:b23 1-994b85b3:RUNNING:c355/355:p0:b23 2-b66f3f61:RUNNING:c355/355:p0:b23 3-a7636c4c:RUNNING:c355/355:p0:b23 4-855735b9:RUNNING:c355/355:p0:b23 5-a3854268:PREEMPTED:c0/337:p1:b0
1787756530.715   match step=59 5-a3854268 status=PREEMPTED vllm_computed=0 -> (0, False)
1787756530.716 step=59 run=5 wait=1 skip=0 free=12 reserved=0 inflight_prefills=0 deferred=0entries/0blocks fences=[] sched_seq=0/proc_seq=0 sched_tok=5 new=0 preempted=[] finished=[] | 0-9b699d21:RUNNING:c356/356:p0:b23 1-994b85b3:RUNNING:c356/356:p0:b23 2-b66f3f61:RUNNING:c356/356:p0:b23 3-a7636c4c:RUNNING:c356/356:p0:b23 4-855735b9:RUNNING:c356/356:p0:b23 5-a3854268:PREEMPTED:c0/337:p1:b0
1787756531.286   match step=100 5-a3854268 status=PREEMPTED vllm_computed=0 -> (0, False)
1787756531.286 step=100 run=5 wait=1 skip=0 free=2 reserved=0 inflight_prefills=0 deferred=0entries/0blocks fences=[] sched_seq=0/proc_seq=0 sched_tok=5 new=0 preempted=[] finished=[] | 0-9b699d21:RUNNING:c397/397:p0:b25 1-994b85b3:RUNNING:c397/397:p0:b25 2-b66f3f61:RUNNING:c397/397:p0:b25 3-a7636c4c:RUNNING:c397/397:p0:b25 4-855735b9:RUNNING:c397/397:p0:b25 5-a3854268:PREEMPTED:c0/337:p1:b0
1787756531.342 PREEMPT step=104 4-855735b9 status=RUNNING computed=400 npreempt=0 inflight=False
1787756531.963 step=150 run=1 wait=0 skip=0 free=103 reserved=0 inflight_prefills=0 deferred=0entries/0blocks fences=[] sched_seq=0/proc_seq=0 sched_tok=1 new=0 preempted=[] finished=[] | 5-a3854268:RUNNING:c374/374:p1:b24
1787756532.864 step=200 run=0 wait=0 skip=1 free=109 reserved=1 inflight_prefills=1 deferred=0entries/0blocks fences=[] sched_seq=0/proc_seq=0 sched_tok=0 new=0 preempted=[] finished=[] | 6-8814095c:WAITING_FOR_REMOTE_KVS:c288/297:p0:b18
1787756532.882 step=250 run=0 wait=0 skip=1 free=109 reserved=1 inflight_prefills=1 deferred=0entries/0blocks fences=[] sched_seq=0/proc_seq=0 sched_tok=0 new=0 preempted=[] finished=[] | 6-8814095c:WAITING_FOR_REMOTE_KVS:c288/297:p0:b18
1787756532.901 step=300 run=0 wait=0 skip=1 free=109 reserved=1 inflight_prefills=1 deferred=0entries/0blocks fences=[] sched_seq=0/proc_seq=0 sched_tok=0 new=0 preempted=[] finished=[] | 6-8814095c:WAITING_FOR_REMOTE_KVS:c288/297:p0:b18
1787756532.915 step=350 run=0 wait=0 skip=1 free=109 reserved=1 inflight_prefills=1 deferred=0entries/0blocks fences=[] sched_seq=0/proc_seq=0 sched_tok=0 new=0 preempted=[] finished=[] | 6-8814095c:WAITING_FOR_REMOTE_KVS:c288/297:p0:b18
1787756532.931 step=400 run=0 wait=0 skip=1 free=109 reserved=1 inflight_prefills=1 deferred=0entries/0blocks fences=[] sched_seq=0/proc_seq=0 sched_tok=0 new=0 preempted=[] finished=[] | 6-8814095c:WAITING_FOR_REMOTE_KVS:c288/297:p0:b18
1787756533.545 step=450 run=1 wait=0 skip=0 free=105 reserved=0 inflight_prefills=0 deferred=0entries/0blocks fences=[] sched_seq=0/proc_seq=0 sched_tok=1 new=0 preempted=[] finished=[] | 6-8814095c:RUNNING:c341/341:p0:b22
1787756534.193 step=500 run=1 wait=0 skip=0 free=102 reserved=0 inflight_prefills=0 deferred=0entries/0blocks fences=[] sched_seq=0/proc_seq=0 sched_tok=1 new=0 preempted=[] finished=[] | 6-8814095c:RUNNING:c391/391:p0:b25
1787756534.888 step=550 run=0 wait=0 skip=1 free=109 reserved=1 inflight_prefills=1 deferred=0entries/0blocks fences=[] sched_seq=0/proc_seq=0 sched_tok=0 new=0 preempted=[] finished=[] | 7-9de3c30d:WAITING_FOR_REMOTE_KVS:c288/297:p0:b18
1787756534.908 step=600 run=0 wait=0 skip=1 free=109 reserved=1 inflight_prefills=1 deferred=0entries/0blocks fences=[] sched_seq=0/proc_seq=0 sched_tok=0 new=0 preempted=[] finished=[] | 7-9de3c30d:WAITING_FOR_REMOTE_KVS:c288/297:p0:b18
1787756535.420 step=650 run=1 wait=0 skip=0 free=106 reserved=0 inflight_prefills=0 deferred=0entries/0blocks fences=[] sched_seq=0/proc_seq=0 sched_tok=1 new=0 preempted=[] finished=[] | 7-9de3c30d:RUNNING:c332/332:p0:b21
1787756536.071 step=700 run=1 wait=0 skip=0 free=103 reserved=0 inflight_prefills=0 deferred=0entries/0blocks fences=[] sched_seq=0/proc_seq=0 sched_tok=1 new=0 preempted=[] finished=[] | 7-9de3c30d:RUNNING:c382/382:p0:b24
1787756536.871 step=750 run=0 wait=0 skip=1 free=109 reserved=1 inflight_prefills=1 deferred=0entries/0blocks fences=[] sched_seq=0/proc_seq=0 sched_tok=0 new=0 preempted=[] finished=[] | 8-a38dee7f:WAITING_FOR_REMOTE_KVS:c288/297:p0:b18
1787756536.892 step=800 run=0 wait=0 skip=1 free=109 reserved=1 inflight_prefills=1 deferred=0entries/0blocks fences=[] sched_seq=0/proc_seq=0 sched_tok=0 new=0 preempted=[] finished=[] | 8-a38dee7f:WAITING_FOR_REMOTE_KVS:c288/297:p0:b18
1787756537.114 step=850 run=1 wait=0 skip=0 free=107 reserved=0 inflight_prefills=0 deferred=0entries/0blocks fences=[] sched_seq=0/proc_seq=0 sched_tok=1 new=0 preempted=[] finished=[] | 8-a38dee7f:RUNNING:c308/308:p0:b20
1787756537.777 step=900 run=1 wait=0 skip=0 free=104 reserved=0 inflight_prefills=0 deferred=0entries/0blocks fences=[] sched_seq=0/proc_seq=0 sched_tok=1 new=0 preempted=[] finished=[] | 8-a38dee7f:RUNNING:c358/358:p0:b23
1787756538.444 step=950 run=1 wait=0 skip=0 free=101 reserved=0 inflight_prefills=0 deferred=0entries/0blocks fences=[] sched_seq=0/proc_seq=0 sched_tok=1 new=0 preempted=[] finished=[] | 8-a38dee7f:RUNNING:c408/408:p0:b26
1787756538.927 step=1000 run=0 wait=0 skip=1 free=109 reserved=1 inflight_prefills=1 deferred=0entries/0blocks fences=[] sched_seq=0/proc_seq=0 sched_tok=0 new=0 preempted=[] finished=[] | 9-bd92ba32:WAITING_FOR_REMOTE_KVS:c288/297:p0:b18
1787756538.947 step=1050 run=0 wait=0 skip=1 free=109 reserved=1 inflight_prefills=1 deferred=0entries/0blocks fences=[] sched_seq=0/proc_seq=0 sched_tok=0 new=0 preempted=[] finished=[] | 9-bd92ba32:WAITING_FOR_REMOTE_KVS:c288/297:p0:b18
1787756539.897 step=1100 run=1 wait=0 skip=0 free=105 reserved=0 inflight_prefills=0 deferred=0entries/0blocks fences=[] sched_seq=0/proc_seq=0 sched_tok=1 new=0 preempted=[] finished=[] | 9-bd92ba32:RUNNING:c343/343:p0:b22
1787756540.887 step=1150 run=1 wait=0 skip=0 free=102 reserved=0 inflight_prefills=0 deferred=0entries/0blocks fences=[] sched_seq=0/proc_seq=0 sched_tok=1 new=0 preempted=[] finished=[] | 9-bd92ba32:RUNNING:c393/393:p0:b25
1787756541.669 step=1200 run=0 wait=0 skip=1 free=109 reserved=1 inflight_prefills=1 deferred=0entries/0blocks fences=[] sched_seq=0/proc_seq=0 sched_tok=0 new=0 preempted=[] finished=[] | 10-bd065ef0:WAITING_FOR_REMOTE_KVS:c288/297:p0:b18
1787756541.689 step=1250 run=0 wait=0 skip=1 free=109 reserved=1 inflight_prefills=1 deferred=0entries/0blocks fences=[] sched_seq=0/proc_seq=0 sched_tok=0 new=0 preempted=[] finished=[] | 10-bd065ef0:WAITING_FOR_REMOTE_KVS:c288/297:p0:b18
1787756542.175 step=1300 run=1 wait=0 skip=0 free=107 reserved=0 inflight_prefills=0 deferred=0entries/0blocks fences=[] sched_seq=0/proc_seq=0 sched_tok=1 new=0 preempted=[] finished=[] | 10-bd065ef0:RUNNING:c319/319:p0:b20
1787756543.172 step=1350 run=1 wait=0 skip=0 free=103 reserved=0 inflight_prefills=0 deferred=0entries/0blocks fences=[] sched_seq=0/proc_seq=0 sched_tok=1 new=0 preempted=[] finished=[] | 10-bd065ef0:RUNNING:c369/369:p0:b24
1787756544.436 step=1400 run=0 wait=0 skip=1 free=109 reserved=1 inflight_prefills=1 deferred=0entries/0blocks fences=[] sched_seq=0/proc_seq=0 sched_tok=0 new=0 preempted=[] finished=[] | 11-a3785dcd:WAITING_FOR_REMOTE_KVS:c288/297:p0:b18
1787756544.458 step=1450 run=0 wait=0 skip=1 free=109 reserved=1 inflight_prefills=1 deferred=0entries/0blocks fences=[] sched_seq=0/proc_seq=0 sched_tok=0 new=0 preempted=[] finished=[] | 11-a3785dcd:WAITING_FOR_REMOTE_KVS:c288/297:p0:b18
1787756544.476 step=1500 run=0 wait=0 skip=1 free=109 reserved=1 inflight_prefills=1 deferred=0entries/0blocks fences=[] sched_seq=0/proc_seq=0 sched_tok=0 new=0 preempted=[] finished=[] | 11-a3785dcd:WAITING_FOR_REMOTE_KVS:c288/297:p0:b18
1787756545.459 step=1550 run=1 wait=0 skip=0 free=105 reserved=0 inflight_prefills=0 deferred=0entries/0blocks fences=[] sched_seq=0/proc_seq=0 sched_tok=1 new=0 preempted=[] finished=[] | 11-a3785dcd:RUNNING:c345/345:p0:b22
1787756546.442 step=1600 run=1 wait=0 skip=0 free=102 reserved=0 inflight_prefills=0 deferred=0entries/0blocks fences=[] sched_seq=0/proc_seq=0 sched_tok=1 new=0 preempted=[] finished=[] | 11-a3785dcd:RUNNING:c395/395:p0:b25
