1787756678.727 scheduler instrumented
1787756679.011 connector instrumented
1787756788.878 scheduler init defer_block_free=True requires_kv_delivery=True max_concurrent_batches=2 async_scheduling=True watermark_blocks=0 is_kv_consumer=True
1787756788.878 defer_block_free forced OFF
1787756811.342   match step=0 0-8c3434cb status=WAITING vllm_computed=0 -> (0, False)
1787756811.342   alloc step=0 0-8c3434cb ext=0
1787756811.344   match step=0 1-bb3dece8 status=WAITING vllm_computed=0 -> (0, False)
1787756811.344   alloc step=0 1-bb3dece8 ext=0
1787756811.346   match step=0 2-b21d9451 status=WAITING vllm_computed=0 -> (0, False)
1787756811.346   alloc step=0 2-b21d9451 ext=0
1787756811.348   match step=0 3-9f88cab7 status=WAITING vllm_computed=0 -> (0, False)
1787756811.348   alloc step=0 3-9f88cab7 ext=0
1787756811.349   match step=0 4-a325137b status=WAITING vllm_computed=0 -> (0, False)
1787756811.349   alloc step=0 4-a325137b ext=0
1787756811.351   match step=0 5-948f0a39 status=WAITING vllm_computed=0 -> (0, False)
1787756811.351   alloc step=0 5-948f0a39 ext=0
1787756811.352 step=0 run=6 wait=0 skip=0 free=13 reserved=0 inflight_prefills=0 deferred=0entries/0blocks fences=[] sched_seq=0/proc_seq=0 sched_tok=1782 new=6 preempted=[] finished=[] | 0-8c3434cb:RUNNING:c297/297:p0:b19 1-bb3dece8:RUNNING:c297/297:p0:b19 2-b21d9451:RUNNING:c297/297:p0:b19 3-9f88cab7:RUNNING:c297/297:p0:b19 4-a325137b:RUNNING:c297/297:p0:b19 5-948f0a39:RUNNING:c297/297:p0:b19
1787756811.423 step=1 run=6 wait=0 skip=0 free=13 reserved=0 inflight_prefills=0 deferred=0entries/0blocks fences=[] sched_seq=0/proc_seq=0 sched_tok=6 new=0 preempted=[] finished=[] | 0-8c3434cb:RUNNING:c298/297:p0:b19 1-bb3dece8:RUNNING:c298/297:p0:b19 2-b21d9451:RUNNING:c298/297:p0:b19 3-9f88cab7:RUNNING:c298/297:p0:b19 4-a325137b:RUNNING:c298/297:p0:b19 5-948f0a39:RUNNING:c298/297:p0:b19
1787756811.440 step=2 run=6 wait=0 skip=0 free=13 reserved=0 inflight_prefills=0 deferred=0entries/0blocks fences=[] sched_seq=0/proc_seq=0 sched_tok=6 new=0 preempted=[] finished=[] | 0-8c3434cb:RUNNING:c299/298:p0:b19 1-bb3dece8:RUNNING:c299/298:p0:b19 2-b21d9451:RUNNING:c299/298:p0:b19 3-9f88cab7:RUNNING:c299/298:p0:b19 4-a325137b:RUNNING:c299/298:p0:b19 5-948f0a39:RUNNING:c299/298:p0:b19
1787756811.453 step=3 run=6 wait=0 skip=0 free=13 reserved=0 inflight_prefills=0 deferred=0entries/0blocks fences=[] sched_seq=0/proc_seq=0 sched_tok=6 new=0 preempted=[] finished=[] | 0-8c3434cb:RUNNING:c300/299:p0:b19 1-bb3dece8:RUNNING:c300/299:p0:b19 2-b21d9451:RUNNING:c300/299:p0:b19 3-9f88cab7:RUNNING:c300/299:p0:b19 4-a325137b:RUNNING:c300/299:p0:b19 5-948f0a39:RUNNING:c300/299:p0:b19
1787756811.466 step=4 run=6 wait=0 skip=0 free=13 reserved=0 inflight_prefills=0 deferred=0entries/0blocks fences=[] sched_seq=0/proc_seq=0 sched_tok=6 new=0 preempted=[] finished=[] | 0-8c3434cb:RUNNING:c301/300:p0:b19 1-bb3dece8:RUNNING:c301/300:p0:b19 2-b21d9451:RUNNING:c301/300:p0:b19 3-9f88cab7:RUNNING:c301/300:p0:b19 4-a325137b:RUNNING:c301/300:p0:b19 5-948f0a39:RUNNING:c301/300:p0:b19
1787756811.478 step=5 run=6 wait=0 skip=0 free=13 reserved=0 inflight_prefills=0 deferred=0entries/0blocks fences=[] sched_seq=0/proc_seq=0 sched_tok=6 new=0 preempted=[] finished=[] | 0-8c3434cb:RUNNING:c302/301:p0:b19 1-bb3dece8:RUNNING:c302/301:p0:b19 2-b21d9451:RUNNING:c302/301:p0:b19 3-9f88cab7:RUNNING:c302/301:p0:b19 4-a325137b:RUNNING:c302/301:p0:b19 5-948f0a39:RUNNING:c302/301:p0:b19
1787756811.490 step=6 run=6 wait=0 skip=0 free=13 reserved=0 inflight_prefills=0 deferred=0entries/0blocks fences=[] sched_seq=0/proc_seq=0 sched_tok=6 new=0 preempted=[] finished=[] | 0-8c3434cb:RUNNING:c303/302:p0:b19 1-bb3dece8:RUNNING:c303/302:p0:b19 2-b21d9451:RUNNING:c303/302:p0:b19 3-9f88cab7:RUNNING:c303/302:p0:b19 4-a325137b:RUNNING:c303/302:p0:b19 5-948f0a39:RUNNING:c303/302:p0:b19
1787756811.502 step=7 run=6 wait=0 skip=0 free=13 reserved=0 inflight_prefills=0 deferred=0entries/0blocks fences=[] sched_seq=0/proc_seq=0 sched_tok=6 new=0 preempted=[] finished=[] | 0-8c3434cb:RUNNING:c304/303:p0:b19 1-bb3dece8:RUNNING:c304/303:p0:b19 2-b21d9451:RUNNING:c304/303:p0:b19 3-9f88cab7:RUNNING:c304/303:p0:b19 4-a325137b:RUNNING:c304/303:p0:b19 5-948f0a39:RUNNING:c304/303:p0:b19
1787756811.515 step=8 run=6 wait=0 skip=0 free=7 reserved=0 inflight_prefills=0 deferred=0entries/0blocks fences=[] sched_seq=0/proc_seq=0 sched_tok=6 new=0 preempted=[] finished=[] | 0-8c3434cb:RUNNING:c305/304:p0:b20 1-bb3dece8:RUNNING:c305/304:p0:b20 2-b21d9451:RUNNING:c305/304:p0:b20 3-9f88cab7:RUNNING:c305/304:p0:b20 4-a325137b:RUNNING:c305/304:p0:b20 5-948f0a39:RUNNING:c305/304:p0:b20
1787756811.531 step=9 run=6 wait=0 skip=0 free=7 reserved=0 inflight_prefills=0 deferred=0entries/0blocks fences=[] sched_seq=0/proc_seq=0 sched_tok=6 new=0 preempted=[] finished=[] | 0-8c3434cb:RUNNING:c306/305:p0:b20 1-bb3dece8:RUNNING:c306/305:p0:b20 2-b21d9451:RUNNING:c306/305:p0:b20 3-9f88cab7:RUNNING:c306/305:p0:b20 4-a325137b:RUNNING:c306/305:p0:b20 5-948f0a39:RUNNING:c306/305:p0:b20
1787756811.544 step=10 run=6 wait=0 skip=0 free=7 reserved=0 inflight_prefills=0 deferred=0entries/0blocks fences=[] sched_seq=0/proc_seq=0 sched_tok=6 new=0 preempted=[] finished=[] | 0-8c3434cb:RUNNING:c307/306:p0:b20 1-bb3dece8:RUNNING:c307/306:p0:b20 2-b21d9451:RUNNING:c307/306:p0:b20 3-9f88cab7:RUNNING:c307/306:p0:b20 4-a325137b:RUNNING:c307/306:p0:b20 5-948f0a39:RUNNING:c307/306:p0:b20
1787756811.558 step=11 run=6 wait=0 skip=0 free=7 reserved=0 inflight_prefills=0 deferred=0entries/0blocks fences=[] sched_seq=0/proc_seq=0 sched_tok=6 new=0 preempted=[] finished=[] | 0-8c3434cb:RUNNING:c308/307:p0:b20 1-bb3dece8:RUNNING:c308/307:p0:b20 2-b21d9451:RUNNING:c308/307:p0:b20 3-9f88cab7:RUNNING:c308/307:p0:b20 4-a325137b:RUNNING:c308/307:p0:b20 5-948f0a39:RUNNING:c308/307:p0:b20
1787756811.571 step=12 run=6 wait=0 skip=0 free=7 reserved=0 inflight_prefills=0 deferred=0entries/0blocks fences=[] sched_seq=0/proc_seq=0 sched_tok=6 new=0 preempted=[] finished=[] | 0-8c3434cb:RUNNING:c309/308:p0:b20 1-bb3dece8:RUNNING:c309/308:p0:b20 2-b21d9451:RUNNING:c309/308:p0:b20 3-9f88cab7:RUNNING:c309/308:p0:b20 4-a325137b:RUNNING:c309/308:p0:b20 5-948f0a39:RUNNING:c309/308:p0:b20
1787756811.583 step=13 run=6 wait=0 skip=0 free=7 reserved=0 inflight_prefills=0 deferred=0entries/0blocks fences=[] sched_seq=0/proc_seq=0 sched_tok=6 new=0 preempted=[] finished=[] | 0-8c3434cb:RUNNING:c310/309:p0:b20 1-bb3dece8:RUNNING:c310/309:p0:b20 2-b21d9451:RUNNING:c310/309:p0:b20 3-9f88cab7:RUNNING:c310/309:p0:b20 4-a325137b:RUNNING:c310/309:p0:b20 5-948f0a39:RUNNING:c310/309:p0:b20
1787756811.595 step=14 run=6 wait=0 skip=0 free=7 reserved=0 inflight_prefills=0 deferred=0entries/0blocks fences=[] sched_seq=0/proc_seq=0 sched_tok=6 new=0 preempted=[] finished=[] | 0-8c3434cb:RUNNING:c311/310:p0:b20 1-bb3dece8:RUNNING:c311/310:p0:b20 2-b21d9451:RUNNING:c311/310:p0:b20 3-9f88cab7:RUNNING:c311/310:p0:b20 4-a325137b:RUNNING:c311/310:p0:b20 5-948f0a39:RUNNING:c311/310:p0:b20
1787756811.607 step=15 run=6 wait=0 skip=0 free=7 reserved=0 inflight_prefills=0 deferred=0entries/0blocks fences=[] sched_seq=0/proc_seq=0 sched_tok=6 new=0 preempted=[] finished=[] | 0-8c3434cb:RUNNING:c312/311:p0:b20 1-bb3dece8:RUNNING:c312/311:p0:b20 2-b21d9451:RUNNING:c312/311:p0:b20 3-9f88cab7:RUNNING:c312/311:p0:b20 4-a325137b:RUNNING:c312/311:p0:b20 5-948f0a39:RUNNING:c312/311:p0:b20
1787756811.621 step=16 run=6 wait=0 skip=0 free=7 reserved=0 inflight_prefills=0 deferred=0entries/0blocks fences=[] sched_seq=0/proc_seq=0 sched_tok=6 new=0 preempted=[] finished=[] | 0-8c3434cb:RUNNING:c313/312:p0:b20 1-bb3dece8:RUNNING:c313/312:p0:b20 2-b21d9451:RUNNING:c313/312:p0:b20 3-9f88cab7:RUNNING:c313/312:p0:b20 4-a325137b:RUNNING:c313/312:p0:b20 5-948f0a39:RUNNING:c313/312:p0:b20
1787756811.634 step=17 run=6 wait=0 skip=0 free=7 reserved=0 inflight_prefills=0 deferred=0entries/0blocks fences=[] sched_seq=0/proc_seq=0 sched_tok=6 new=0 preempted=[] finished=[] | 0-8c3434cb:RUNNING:c314/313:p0:b20 1-bb3dece8:RUNNING:c314/313:p0:b20 2-b21d9451:RUNNING:c314/313:p0:b20 3-9f88cab7:RUNNING:c314/313:p0:b20 4-a325137b:RUNNING:c314/313:p0:b20 5-948f0a39:RUNNING:c314/313:p0:b20
1787756811.647 step=18 run=6 wait=0 skip=0 free=7 reserved=0 inflight_prefills=0 deferred=0entries/0blocks fences=[] sched_seq=0/proc_seq=0 sched_tok=6 new=0 preempted=[] finished=[] | 0-8c3434cb:RUNNING:c315/314:p0:b20 1-bb3dece8:RUNNING:c315/314:p0:b20 2-b21d9451:RUNNING:c315/314:p0:b20 3-9f88cab7:RUNNING:c315/314:p0:b20 4-a325137b:RUNNING:c315/314:p0:b20 5-948f0a39:RUNNING:c315/314:p0:b20
1787756811.661 step=19 run=6 wait=0 skip=0 free=7 reserved=0 inflight_prefills=0 deferred=0entries/0blocks fences=[] sched_seq=0/proc_seq=0 sched_tok=6 new=0 preempted=[] finished=[] | 0-8c3434cb:RUNNING:c316/315:p0:b20 1-bb3dece8:RUNNING:c316/315:p0:b20 2-b21d9451:RUNNING:c316/315:p0:b20 3-9f88cab7:RUNNING:c316/315:p0:b20 4-a325137b:RUNNING:c316/315:p0:b20 5-948f0a39:RUNNING:c316/315:p0:b20
1787756811.674 step=20 run=6 wait=0 skip=0 free=7 reserved=0 inflight_prefills=0 deferred=0entries/0blocks fences=[] sched_seq=0/proc_seq=0 sched_tok=6 new=0 preempted=[] finished=[] | 0-8c3434cb:RUNNING:c317/316:p0:b20 1-bb3dece8:RUNNING:c317/316:p0:b20 2-b21d9451:RUNNING:c317/316:p0:b20 3-9f88cab7:RUNNING:c317/316:p0:b20 4-a325137b:RUNNING:c317/316:p0:b20 5-948f0a39:RUNNING:c317/316:p0:b20
1787756811.689 step=21 run=6 wait=0 skip=0 free=7 reserved=0 inflight_prefills=0 deferred=0entries/0blocks fences=[] sched_seq=0/proc_seq=0 sched_tok=6 new=0 preempted=[] finished=[] | 0-8c3434cb:RUNNING:c318/317:p0:b20 1-bb3dece8:RUNNING:c318/317:p0:b20 2-b21d9451:RUNNING:c318/317:p0:b20 3-9f88cab7:RUNNING:c318/317:p0:b20 4-a325137b:RUNNING:c318/317:p0:b20 5-948f0a39:RUNNING:c318/317:p0:b20
1787756811.702 step=22 run=6 wait=0 skip=0 free=7 reserved=0 inflight_prefills=0 deferred=0entries/0blocks fences=[] sched_seq=0/proc_seq=0 sched_tok=6 new=0 preempted=[] finished=[] | 0-8c3434cb:RUNNING:c319/318:p0:b20 1-bb3dece8:RUNNING:c319/318:p0:b20 2-b21d9451:RUNNING:c319/318:p0:b20 3-9f88cab7:RUNNING:c319/318:p0:b20 4-a325137b:RUNNING:c319/318:p0:b20 5-948f0a39:RUNNING:c319/318:p0:b20
1787756811.714 step=23 run=6 wait=0 skip=0 free=7 reserved=0 inflight_prefills=0 deferred=0entries/0blocks fences=[] sched_seq=0/proc_seq=0 sched_tok=6 new=0 preempted=[] finished=[] | 0-8c3434cb:RUNNING:c320/319:p0:b20 1-bb3dece8:RUNNING:c320/319:p0:b20 2-b21d9451:RUNNING:c320/319:p0:b20 3-9f88cab7:RUNNING:c320/319:p0:b20 4-a325137b:RUNNING:c320/319:p0:b20 5-948f0a39:RUNNING:c320/319:p0:b20
1787756811.728 step=24 run=6 wait=0 skip=0 free=1 reserved=0 inflight_prefills=0 deferred=0entries/0blocks fences=[] sched_seq=0/proc_seq=0 sched_tok=6 new=0 preempted=[] finished=[] | 0-8c3434cb:RUNNING:c321/320:p0:b21 1-bb3dece8:RUNNING:c321/320:p0:b21 2-b21d9451:RUNNING:c321/320:p0:b21 3-9f88cab7:RUNNING:c321/320:p0:b21 4-a325137b:RUNNING:c321/320:p0:b21 5-948f0a39:RUNNING:c321/320:p0:b21
1787756811.743 step=25 run=6 wait=0 skip=0 free=1 reserved=0 inflight_prefills=0 deferred=0entries/0blocks fences=[] sched_seq=0/proc_seq=0 sched_tok=6 new=0 preempted=[] finished=[] | 0-8c3434cb:RUNNING:c322/321:p0:b21 1-bb3dece8:RUNNING:c322/321:p0:b21 2-b21d9451:RUNNING:c322/321:p0:b21 3-9f88cab7:RUNNING:c322/321:p0:b21 4-a325137b:RUNNING:c322/321:p0:b21 5-948f0a39:RUNNING:c322/321:p0:b21
1787756811.757 step=26 run=6 wait=0 skip=0 free=1 reserved=0 inflight_prefills=0 deferred=0entries/0blocks fences=[] sched_seq=0/proc_seq=0 sched_tok=6 new=0 preempted=[] finished=[] | 0-8c3434cb:RUNNING:c323/322:p0:b21 1-bb3dece8:RUNNING:c323/322:p0:b21 2-b21d9451:RUNNING:c323/322:p0:b21 3-9f88cab7:RUNNING:c323/322:p0:b21 4-a325137b:RUNNING:c323/322:p0:b21 5-948f0a39:RUNNING:c323/322:p0:b21
1787756811.772 step=27 run=6 wait=0 skip=0 free=1 reserved=0 inflight_prefills=0 deferred=0entries/0blocks fences=[] sched_seq=0/proc_seq=0 sched_tok=6 new=0 preempted=[] finished=[] | 0-8c3434cb:RUNNING:c324/323:p0:b21 1-bb3dece8:RUNNING:c324/323:p0:b21 2-b21d9451:RUNNING:c324/323:p0:b21 3-9f88cab7:RUNNING:c324/323:p0:b21 4-a325137b:RUNNING:c324/323:p0:b21 5-948f0a39:RUNNING:c324/323:p0:b21
1787756811.787 step=28 run=6 wait=0 skip=0 free=1 reserved=0 inflight_prefills=0 deferred=0entries/0blocks fences=[] sched_seq=0/proc_seq=0 sched_tok=6 new=0 preempted=[] finished=[] | 0-8c3434cb:RUNNING:c325/324:p0:b21 1-bb3dece8:RUNNING:c325/324:p0:b21 2-b21d9451:RUNNING:c325/324:p0:b21 3-9f88cab7:RUNNING:c325/324:p0:b21 4-a325137b:RUNNING:c325/324:p0:b21 5-948f0a39:RUNNING:c325/324:p0:b21
1787756811.801 step=29 run=6 wait=0 skip=0 free=1 reserved=0 inflight_prefills=0 deferred=0entries/0blocks fences=[] sched_seq=0/proc_seq=0 sched_tok=6 new=0 preempted=[] finished=[] | 0-8c3434cb:RUNNING:c326/325:p0:b21 1-bb3dece8:RUNNING:c326/325:p0:b21 2-b21d9451:RUNNING:c326/325:p0:b21 3-9f88cab7:RUNNING:c326/325:p0:b21 4-a325137b:RUNNING:c326/325:p0:b21 5-948f0a39:RUNNING:c326/325:p0:b21
1787756811.814 step=30 run=6 wait=0 skip=0 free=1 reserved=0 inflight_prefills=0 deferred=0entries/0blocks fences=[] sched_seq=0/proc_seq=0 sched_tok=6 new=0 preempted=[] finished=[] | 0-8c3434cb:RUNNING:c327/326:p0:b21 1-bb3dece8:RUNNING:c327/326:p0:b21 2-b21d9451:RUNNING:c327/326:p0:b21 3-9f88cab7:RUNNING:c327/326:p0:b21 4-a325137b:RUNNING:c327/326:p0:b21 5-948f0a39:RUNNING:c327/326:p0:b21
1787756811.827 step=31 run=6 wait=0 skip=0 free=1 reserved=0 inflight_prefills=0 deferred=0entries/0blocks fences=[] sched_seq=0/proc_seq=0 sched_tok=6 new=0 preempted=[] finished=[] | 0-8c3434cb:RUNNING:c328/327:p0:b21 1-bb3dece8:RUNNING:c328/327:p0:b21 2-b21d9451:RUNNING:c328/327:p0:b21 3-9f88cab7:RUNNING:c328/327:p0:b21 4-a325137b:RUNNING:c328/327:p0:b21 5-948f0a39:RUNNING:c328/327:p0:b21
1787756811.839 step=32 run=6 wait=0 skip=0 free=1 reserved=0 inflight_prefills=0 deferred=0entries/0blocks fences=[] sched_seq=0/proc_seq=0 sched_tok=6 new=0 preempted=[] finished=[] | 0-8c3434cb:RUNNING:c329/328:p0:b21 1-bb3dece8:RUNNING:c329/328:p0:b21 2-b21d9451:RUNNING:c329/328:p0:b21 3-9f88cab7:RUNNING:c329/328:p0:b21 4-a325137b:RUNNING:c329/328:p0:b21 5-948f0a39:RUNNING:c329/328:p0:b21
1787756811.851 step=33 run=6 wait=0 skip=0 free=1 reserved=0 inflight_prefills=0 deferred=0entries/0blocks fences=[] sched_seq=0/proc_seq=0 sched_tok=6 new=0 preempted=[] finished=[] | 0-8c3434cb:RUNNING:c330/329:p0:b21 1-bb3dece8:RUNNING:c330/329:p0:b21 2-b21d9451:RUNNING:c330/329:p0:b21 3-9f88cab7:RUNNING:c330/329:p0:b21 4-a325137b:RUNNING:c330/329:p0:b21 5-948f0a39:RUNNING:c330/329:p0:b21
1787756811.863 step=34 run=6 wait=0 skip=0 free=1 reserved=0 inflight_prefills=0 deferred=0entries/0blocks fences=[] sched_seq=0/proc_seq=0 sched_tok=6 new=0 preempted=[] finished=[] | 0-8c3434cb:RUNNING:c331/330:p0:b21 1-bb3dece8:RUNNING:c331/330:p0:b21 2-b21d9451:RUNNING:c331/330:p0:b21 3-9f88cab7:RUNNING:c331/330:p0:b21 4-a325137b:RUNNING:c331/330:p0:b21 5-948f0a39:RUNNING:c331/330:p0:b21
1787756811.875 step=35 run=6 wait=0 skip=0 free=1 reserved=0 inflight_prefills=0 deferred=0entries/0blocks fences=[] sched_seq=0/proc_seq=0 sched_tok=6 new=0 preempted=[] finished=[] | 0-8c3434cb:RUNNING:c332/331:p0:b21 1-bb3dece8:RUNNING:c332/331:p0:b21 2-b21d9451:RUNNING:c332/331:p0:b21 3-9f88cab7:RUNNING:c332/331:p0:b21 4-a325137b:RUNNING:c332/331:p0:b21 5-948f0a39:RUNNING:c332/331:p0:b21
1787756811.887 step=36 run=6 wait=0 skip=0 free=1 reserved=0 inflight_prefills=0 deferred=0entries/0blocks fences=[] sched_seq=0/proc_seq=0 sched_tok=6 new=0 preempted=[] finished=[] | 0-8c3434cb:RUNNING:c333/332:p0:b21 1-bb3dece8:RUNNING:c333/332:p0:b21 2-b21d9451:RUNNING:c333/332:p0:b21 3-9f88cab7:RUNNING:c333/332:p0:b21 4-a325137b:RUNNING:c333/332:p0:b21 5-948f0a39:RUNNING:c333/332:p0:b21
1787756812.116 step=37 run=6 wait=0 skip=0 free=1 reserved=0 inflight_prefills=0 deferred=0entries/0blocks fences=[] sched_seq=0/proc_seq=0 sched_tok=6 new=0 preempted=[] finished=[] | 0-8c3434cb:RUNNING:c334/333:p0:b21 1-bb3dece8:RUNNING:c334/333:p0:b21 2-b21d9451:RUNNING:c334/333:p0:b21 3-9f88cab7:RUNNING:c334/333:p0:b21 4-a325137b:RUNNING:c334/333:p0:b21 5-948f0a39:RUNNING:c334/333:p0:b21
1787756812.128 step=38 run=6 wait=0 skip=0 free=1 reserved=0 inflight_prefills=0 deferred=0entries/0blocks fences=[] sched_seq=0/proc_seq=0 sched_tok=6 new=0 preempted=[] finished=[] | 0-8c3434cb:RUNNING:c335/334:p0:b21 1-bb3dece8:RUNNING:c335/334:p0:b21 2-b21d9451:RUNNING:c335/334:p0:b21 3-9f88cab7:RUNNING:c335/334:p0:b21 4-a325137b:RUNNING:c335/334:p0:b21 5-948f0a39:RUNNING:c335/334:p0:b21
1787756812.142 step=39 run=6 wait=0 skip=0 free=1 reserved=0 inflight_prefills=0 deferred=0entries/0blocks fences=[] sched_seq=0/proc_seq=0 sched_tok=6 new=0 preempted=[] finished=[] | 0-8c3434cb:RUNNING:c336/335:p0:b21 1-bb3dece8:RUNNING:c336/335:p0:b21 2-b21d9451:RUNNING:c336/335:p0:b21 3-9f88cab7:RUNNING:c336/335:p0:b21 4-a325137b:RUNNING:c336/335:p0:b21 5-948f0a39:RUNNING:c336/335:p0:b21
1787756812.155 PREEMPT step=40 5-948f0a39 status=RUNNING computed=336 npreempt=0 inflight=False
1787756812.156 step=40 run=5 wait=1 skip=0 free=17 reserved=0 inflight_prefills=0 deferred=0entries/0blocks fences=[] sched_seq=0/proc_seq=0 sched_tok=5 new=0 preempted=['5-948f0a39'] finished=[] | 0-8c3434cb:RUNNING:c337/336:p0:b22 1-bb3dece8:RUNNING:c337/336:p0:b22 2-b21d9451:RUNNING:c337/336:p0:b22 3-9f88cab7:RUNNING:c337/336:p0:b22 4-a325137b:RUNNING:c337/336:p0:b22 5-948f0a39:PREEMPTED:c0/336:p1:b0
1787756812.173   match step=41 5-948f0a39 status=PREEMPTED vllm_computed=0 -> (0, False)
1787756812.173 step=41 run=5 wait=1 skip=0 free=17 reserved=0 inflight_prefills=0 deferred=0entries/0blocks fences=[] sched_seq=0/proc_seq=0 sched_tok=5 new=0 preempted=[] finished=[] | 0-8c3434cb:RUNNING:c338/337:p0:b22 1-bb3dece8:RUNNING:c338/337:p0:b22 2-b21d9451:RUNNING:c338/337:p0:b22 3-9f88cab7:RUNNING:c338/337:p0:b22 4-a325137b:RUNNING:c338/337:p0:b22 5-948f0a39:PREEMPTED:c0/336:p1:b0
1787756812.188   match step=42 5-948f0a39 status=PREEMPTED vllm_computed=0 -> (0, False)
1787756812.188 step=42 run=5 wait=1 skip=0 free=17 reserved=0 inflight_prefills=0 deferred=0entries/0blocks fences=[] sched_seq=0/proc_seq=0 sched_tok=5 new=0 preempted=[] finished=[] | 0-8c3434cb:RUNNING:c339/338:p0:b22 1-bb3dece8:RUNNING:c339/338:p0:b22 2-b21d9451:RUNNING:c339/338:p0:b22 3-9f88cab7:RUNNING:c339/338:p0:b22 4-a325137b:RUNNING:c339/338:p0:b22 5-948f0a39:PREEMPTED:c0/336:p1:b0
1787756812.202   match step=43 5-948f0a39 status=PREEMPTED vllm_computed=0 -> (0, False)
1787756812.203 step=43 run=5 wait=1 skip=0 free=17 reserved=0 inflight_prefills=0 deferred=0entries/0blocks fences=[] sched_seq=0/proc_seq=0 sched_tok=5 new=0 preempted=[] finished=[] | 0-8c3434cb:RUNNING:c340/339:p0:b22 1-bb3dece8:RUNNING:c340/339:p0:b22 2-b21d9451:RUNNING:c340/339:p0:b22 3-9f88cab7:RUNNING:c340/339:p0:b22 4-a325137b:RUNNING:c340/339:p0:b22 5-948f0a39:PREEMPTED:c0/336:p1:b0
1787756812.216   match step=44 5-948f0a39 status=PREEMPTED vllm_computed=0 -> (0, False)
1787756812.216 step=44 run=5 wait=1 skip=0 free=17 reserved=0 inflight_prefills=0 deferred=0entries/0blocks fences=[] sched_seq=0/proc_seq=0 sched_tok=5 new=0 preempted=[] finished=[] | 0-8c3434cb:RUNNING:c341/340:p0:b22 1-bb3dece8:RUNNING:c341/340:p0:b22 2-b21d9451:RUNNING:c341/340:p0:b22 3-9f88cab7:RUNNING:c341/340:p0:b22 4-a325137b:RUNNING:c341/340:p0:b22 5-948f0a39:PREEMPTED:c0/336:p1:b0
1787756812.229   match step=45 5-948f0a39 status=PREEMPTED vllm_computed=0 -> (0, False)
1787756812.230 step=45 run=5 wait=1 skip=0 free=17 reserved=0 inflight_prefills=0 deferred=0entries/0blocks fences=[] sched_seq=0/proc_seq=0 sched_tok=5 new=0 preempted=[] finished=[] | 0-8c3434cb:RUNNING:c342/341:p0:b22 1-bb3dece8:RUNNING:c342/341:p0:b22 2-b21d9451:RUNNING:c342/341:p0:b22 3-9f88cab7:RUNNING:c342/341:p0:b22 4-a325137b:RUNNING:c342/341:p0:b22 5-948f0a39:PREEMPTED:c0/336:p1:b0
1787756812.243   match step=46 5-948f0a39 status=PREEMPTED vllm_computed=0 -> (0, False)
1787756812.243 step=46 run=5 wait=1 skip=0 free=17 reserved=0 inflight_prefills=0 deferred=0entries/0blocks fences=[] sched_seq=0/proc_seq=0 sched_tok=5 new=0 preempted=[] finished=[] | 0-8c3434cb:RUNNING:c343/342:p0:b22 1-bb3dece8:RUNNING:c343/342:p0:b22 2-b21d9451:RUNNING:c343/342:p0:b22 3-9f88cab7:RUNNING:c343/342:p0:b22 4-a325137b:RUNNING:c343/342:p0:b22 5-948f0a39:PREEMPTED:c0/336:p1:b0
1787756812.257   match step=47 5-948f0a39 status=PREEMPTED vllm_computed=0 -> (0, False)
1787756812.257 step=47 run=5 wait=1 skip=0 free=17 reserved=0 inflight_prefills=0 deferred=0entries/0blocks fences=[] sched_seq=0/proc_seq=0 sched_tok=5 new=0 preempted=[] finished=[] | 0-8c3434cb:RUNNING:c344/343:p0:b22 1-bb3dece8:RUNNING:c344/343:p0:b22 2-b21d9451:RUNNING:c344/343:p0:b22 3-9f88cab7:RUNNING:c344/343:p0:b22 4-a325137b:RUNNING:c344/343:p0:b22 5-948f0a39:PREEMPTED:c0/336:p1:b0
1787756812.269   match step=48 5-948f0a39 status=PREEMPTED vllm_computed=0 -> (0, False)
1787756812.269 step=48 run=5 wait=1 skip=0 free=17 reserved=0 inflight_prefills=0 deferred=0entries/0blocks fences=[] sched_seq=0/proc_seq=0 sched_tok=5 new=0 preempted=[] finished=[] | 0-8c3434cb:RUNNING:c345/344:p0:b22 1-bb3dece8:RUNNING:c345/344:p0:b22 2-b21d9451:RUNNING:c345/344:p0:b22 3-9f88cab7:RUNNING:c345/344:p0:b22 4-a325137b:RUNNING:c345/344:p0:b22 5-948f0a39:PREEMPTED:c0/336:p1:b0
1787756812.282   match step=49 5-948f0a39 status=PREEMPTED vllm_computed=0 -> (0, False)
1787756812.282 step=49 run=5 wait=1 skip=0 free=17 reserved=0 inflight_prefills=0 deferred=0entries/0blocks fences=[] sched_seq=0/proc_seq=0 sched_tok=5 new=0 preempted=[] finished=[] | 0-8c3434cb:RUNNING:c346/345:p0:b22 1-bb3dece8:RUNNING:c346/345:p0:b22 2-b21d9451:RUNNING:c346/345:p0:b22 3-9f88cab7:RUNNING:c346/345:p0:b22 4-a325137b:RUNNING:c346/345:p0:b22 5-948f0a39:PREEMPTED:c0/336:p1:b0
1787756812.294   match step=50 5-948f0a39 status=PREEMPTED vllm_computed=0 -> (0, False)
1787756812.294 step=50 run=5 wait=1 skip=0 free=17 reserved=0 inflight_prefills=0 deferred=0entries/0blocks fences=[] sched_seq=0/proc_seq=0 sched_tok=5 new=0 preempted=[] finished=[] | 0-8c3434cb:RUNNING:c347/346:p0:b22 1-bb3dece8:RUNNING:c347/346:p0:b22 2-b21d9451:RUNNING:c347/346:p0:b22 3-9f88cab7:RUNNING:c347/346:p0:b22 4-a325137b:RUNNING:c347/346:p0:b22 5-948f0a39:PREEMPTED:c0/336:p1:b0
1787756812.307   match step=51 5-948f0a39 status=PREEMPTED vllm_computed=0 -> (0, False)
1787756812.307 step=51 run=5 wait=1 skip=0 free=17 reserved=0 inflight_prefills=0 deferred=0entries/0blocks fences=[] sched_seq=0/proc_seq=0 sched_tok=5 new=0 preempted=[] finished=[] | 0-8c3434cb:RUNNING:c348/347:p0:b22 1-bb3dece8:RUNNING:c348/347:p0:b22 2-b21d9451:RUNNING:c348/347:p0:b22 3-9f88cab7:RUNNING:c348/347:p0:b22 4-a325137b:RUNNING:c348/347:p0:b22 5-948f0a39:PREEMPTED:c0/336:p1:b0
1787756812.320   match step=52 5-948f0a39 status=PREEMPTED vllm_computed=0 -> (0, False)
1787756812.320 step=52 run=5 wait=1 skip=0 free=17 reserved=0 inflight_prefills=0 deferred=0entries/0blocks fences=[] sched_seq=0/proc_seq=0 sched_tok=5 new=0 preempted=[] finished=[] | 0-8c3434cb:RUNNING:c349/348:p0:b22 1-bb3dece8:RUNNING:c349/348:p0:b22 2-b21d9451:RUNNING:c349/348:p0:b22 3-9f88cab7:RUNNING:c349/348:p0:b22 4-a325137b:RUNNING:c349/348:p0:b22 5-948f0a39:PREEMPTED:c0/336:p1:b0
1787756812.333   match step=53 5-948f0a39 status=PREEMPTED vllm_computed=0 -> (0, False)
1787756812.333 step=53 run=5 wait=1 skip=0 free=17 reserved=0 inflight_prefills=0 deferred=0entries/0blocks fences=[] sched_seq=0/proc_seq=0 sched_tok=5 new=0 preempted=[] finished=[] | 0-8c3434cb:RUNNING:c350/349:p0:b22 1-bb3dece8:RUNNING:c350/349:p0:b22 2-b21d9451:RUNNING:c350/349:p0:b22 3-9f88cab7:RUNNING:c350/349:p0:b22 4-a325137b:RUNNING:c350/349:p0:b22 5-948f0a39:PREEMPTED:c0/336:p1:b0
1787756812.365   match step=54 5-948f0a39 status=PREEMPTED vllm_computed=0 -> (0, False)
1787756812.365 step=54 run=5 wait=1 skip=0 free=17 reserved=0 inflight_prefills=0 deferred=0entries/0blocks fences=[] sched_seq=0/proc_seq=0 sched_tok=5 new=0 preempted=[] finished=[] | 0-8c3434cb:RUNNING:c351/350:p0:b22 1-bb3dece8:RUNNING:c351/350:p0:b22 2-b21d9451:RUNNING:c351/350:p0:b22 3-9f88cab7:RUNNING:c351/350:p0:b22 4-a325137b:RUNNING:c351/350:p0:b22 5-948f0a39:PREEMPTED:c0/336:p1:b0
1787756812.377   match step=55 5-948f0a39 status=PREEMPTED vllm_computed=0 -> (0, False)
1787756812.377 step=55 run=5 wait=1 skip=0 free=17 reserved=0 inflight_prefills=0 deferred=0entries/0blocks fences=[] sched_seq=0/proc_seq=0 sched_tok=5 new=0 preempted=[] finished=[] | 0-8c3434cb:RUNNING:c352/351:p0:b22 1-bb3dece8:RUNNING:c352/351:p0:b22 2-b21d9451:RUNNING:c352/351:p0:b22 3-9f88cab7:RUNNING:c352/351:p0:b22 4-a325137b:RUNNING:c352/351:p0:b22 5-948f0a39:PREEMPTED:c0/336:p1:b0
1787756812.389   match step=56 5-948f0a39 status=PREEMPTED vllm_computed=0 -> (0, False)
1787756812.389 step=56 run=5 wait=1 skip=0 free=12 reserved=0 inflight_prefills=0 deferred=0entries/0blocks fences=[] sched_seq=0/proc_seq=0 sched_tok=5 new=0 preempted=[] finished=[] | 0-8c3434cb:RUNNING:c353/352:p0:b23 1-bb3dece8:RUNNING:c353/352:p0:b23 2-b21d9451:RUNNING:c353/352:p0:b23 3-9f88cab7:RUNNING:c353/352:p0:b23 4-a325137b:RUNNING:c353/352:p0:b23 5-948f0a39:PREEMPTED:c0/336:p1:b0
1787756812.403   match step=57 5-948f0a39 status=PREEMPTED vllm_computed=0 -> (0, False)
1787756812.403 step=57 run=5 wait=1 skip=0 free=12 reserved=0 inflight_prefills=0 deferred=0entries/0blocks fences=[] sched_seq=0/proc_seq=0 sched_tok=5 new=0 preempted=[] finished=[] | 0-8c3434cb:RUNNING:c354/353:p0:b23 1-bb3dece8:RUNNING:c354/353:p0:b23 2-b21d9451:RUNNING:c354/353:p0:b23 3-9f88cab7:RUNNING:c354/353:p0:b23 4-a325137b:RUNNING:c354/353:p0:b23 5-948f0a39:PREEMPTED:c0/336:p1:b0
1787756812.417   match step=58 5-948f0a39 status=PREEMPTED vllm_computed=0 -> (0, False)
1787756812.417 step=58 run=5 wait=1 skip=0 free=12 reserved=0 inflight_prefills=0 deferred=0entries/0blocks fences=[] sched_seq=0/proc_seq=0 sched_tok=5 new=0 preempted=[] finished=[] | 0-8c3434cb:RUNNING:c355/354:p0:b23 1-bb3dece8:RUNNING:c355/354:p0:b23 2-b21d9451:RUNNING:c355/354:p0:b23 3-9f88cab7:RUNNING:c355/354:p0:b23 4-a325137b:RUNNING:c355/354:p0:b23 5-948f0a39:PREEMPTED:c0/336:p1:b0
1787756812.432   match step=59 5-948f0a39 status=PREEMPTED vllm_computed=0 -> (0, False)
1787756812.432 step=59 run=5 wait=1 skip=0 free=12 reserved=0 inflight_prefills=0 deferred=0entries/0blocks fences=[] sched_seq=0/proc_seq=0 sched_tok=5 new=0 preempted=[] finished=[] | 0-8c3434cb:RUNNING:c356/355:p0:b23 1-bb3dece8:RUNNING:c356/355:p0:b23 2-b21d9451:RUNNING:c356/355:p0:b23 3-9f88cab7:RUNNING:c356/355:p0:b23 4-a325137b:RUNNING:c356/355:p0:b23 5-948f0a39:PREEMPTED:c0/336:p1:b0
1787756812.976   match step=100 5-948f0a39 status=PREEMPTED vllm_computed=0 -> (0, False)
1787756812.976 step=100 run=5 wait=1 skip=0 free=2 reserved=0 inflight_prefills=0 deferred=0entries/0blocks fences=[] sched_seq=0/proc_seq=0 sched_tok=5 new=0 preempted=[] finished=[] | 0-8c3434cb:RUNNING:c397/396:p0:b25 1-bb3dece8:RUNNING:c397/396:p0:b25 2-b21d9451:RUNNING:c397/396:p0:b25 3-9f88cab7:RUNNING:c397/396:p0:b25 4-a325137b:RUNNING:c397/396:p0:b25 5-948f0a39:PREEMPTED:c0/336:p1:b0
1787756813.029 PREEMPT step=104 4-a325137b status=RUNNING computed=400 npreempt=0 inflight=False
1787756813.603 step=150 run=1 wait=0 skip=0 free=103 reserved=0 inflight_prefills=0 deferred=0entries/0blocks fences=[] sched_seq=0/proc_seq=0 sched_tok=1 new=0 preempted=[] finished=[] | 5-948f0a39:RUNNING:c371/370:p1:b24
1787756814.543 step=200 run=0 wait=0 skip=1 free=109 reserved=1 inflight_prefills=1 deferred=0entries/0blocks fences=[] sched_seq=0/proc_seq=0 sched_tok=0 new=0 preempted=[] finished=[] | 6-995f2ed7:WAITING_FOR_REMOTE_KVS:c288/297:p0:b18
1787756814.564 step=250 run=0 wait=0 skip=1 free=109 reserved=1 inflight_prefills=1 deferred=0entries/0blocks fences=[] sched_seq=0/proc_seq=0 sched_tok=0 new=0 preempted=[] finished=[] | 6-995f2ed7:WAITING_FOR_REMOTE_KVS:c288/297:p0:b18
1787756814.584 step=300 run=0 wait=0 skip=1 free=109 reserved=1 inflight_prefills=1 deferred=0entries/0blocks fences=[] sched_seq=0/proc_seq=0 sched_tok=0 new=0 preempted=[] finished=[] | 6-995f2ed7:WAITING_FOR_REMOTE_KVS:c288/297:p0:b18
1787756814.599 step=350 run=0 wait=0 skip=1 free=109 reserved=1 inflight_prefills=1 deferred=0entries/0blocks fences=[] sched_seq=0/proc_seq=0 sched_tok=0 new=0 preempted=[] finished=[] | 6-995f2ed7:WAITING_FOR_REMOTE_KVS:c288/297:p0:b18
1787756814.612 step=400 run=0 wait=0 skip=1 free=109 reserved=1 inflight_prefills=1 deferred=0entries/0blocks fences=[] sched_seq=0/proc_seq=0 sched_tok=0 new=0 preempted=[] finished=[] | 6-995f2ed7:WAITING_FOR_REMOTE_KVS:c288/297:p0:b18
1787756815.253 step=450 run=1 wait=0 skip=0 free=105 reserved=0 inflight_prefills=0 deferred=0entries/0blocks fences=[] sched_seq=0/proc_seq=0 sched_tok=1 new=0 preempted=[] finished=[] | 6-995f2ed7:RUNNING:c346/345:p0:b22
1787756815.887 step=500 run=1 wait=0 skip=0 free=102 reserved=0 inflight_prefills=0 deferred=0entries/0blocks fences=[] sched_seq=0/proc_seq=0 sched_tok=1 new=0 preempted=[] finished=[] | 6-995f2ed7:RUNNING:c396/395:p0:b25
1787756816.514 step=550 run=0 wait=0 skip=1 free=109 reserved=1 inflight_prefills=1 deferred=0entries/0blocks fences=[] sched_seq=0/proc_seq=0 sched_tok=0 new=0 preempted=[] finished=[] | 7-b724d990:WAITING_FOR_REMOTE_KVS:c288/297:p0:b18
1787756816.533 step=600 run=0 wait=0 skip=1 free=109 reserved=1 inflight_prefills=1 deferred=0entries/0blocks fences=[] sched_seq=0/proc_seq=0 sched_tok=0 new=0 preempted=[] finished=[] | 7-b724d990:WAITING_FOR_REMOTE_KVS:c288/297:p0:b18
1787756817.046 step=650 run=1 wait=0 skip=0 free=106 reserved=0 inflight_prefills=0 deferred=0entries/0blocks fences=[] sched_seq=0/proc_seq=0 sched_tok=1 new=0 preempted=[] finished=[] | 7-b724d990:RUNNING:c334/333:p0:b21
1787756817.680 step=700 run=1 wait=0 skip=0 free=103 reserved=0 inflight_prefills=0 deferred=0entries/0blocks fences=[] sched_seq=0/proc_seq=0 sched_tok=1 new=0 preempted=[] finished=[] | 7-b724d990:RUNNING:c384/383:p0:b24
1787756818.450 step=750 run=0 wait=0 skip=1 free=109 reserved=1 inflight_prefills=1 deferred=0entries/0blocks fences=[] sched_seq=0/proc_seq=0 sched_tok=0 new=0 preempted=[] finished=[] | 8-a409e342:WAITING_FOR_REMOTE_KVS:c288/297:p0:b18
1787756818.455 step=800 run=0 wait=0 skip=1 free=109 reserved=1 inflight_prefills=1 deferred=0entries/0blocks fences=[] sched_seq=0/proc_seq=0 sched_tok=0 new=0 preempted=[] finished=[] | 8-a409e342:WAITING_FOR_REMOTE_KVS:c288/297:p0:b18
1787756818.461 step=850 run=0 wait=0 skip=1 free=109 reserved=1 inflight_prefills=1 deferred=0entries/0blocks fences=[] sched_seq=0/proc_seq=0 sched_tok=0 new=0 preempted=[] finished=[] | 8-a409e342:WAITING_FOR_REMOTE_KVS:c288/297:p0:b18
1787756818.466 step=900 run=0 wait=0 skip=1 free=109 reserved=1 inflight_prefills=1 deferred=0entries/0blocks fences=[] sched_seq=0/proc_seq=0 sched_tok=0 new=0 preempted=[] finished=[] | 8-a409e342:WAITING_FOR_REMOTE_KVS:c288/297:p0:b18
1787756818.471 step=950 run=0 wait=0 skip=1 free=109 reserved=1 inflight_prefills=1 deferred=0entries/0blocks fences=[] sched_seq=0/proc_seq=0 sched_tok=0 new=0 preempted=[] finished=[] | 8-a409e342:WAITING_FOR_REMOTE_KVS:c288/297:p0:b18
1787756818.477 step=1000 run=0 wait=0 skip=1 free=109 reserved=1 inflight_prefills=1 deferred=0entries/0blocks fences=[] sched_seq=0/proc_seq=0 sched_tok=0 new=0 preempted=[] finished=[] | 8-a409e342:WAITING_FOR_REMOTE_KVS:c288/297:p0:b18
1787756818.482 step=1050 run=0 wait=0 skip=1 free=109 reserved=1 inflight_prefills=1 deferred=0entries/0blocks fences=[] sched_seq=0/proc_seq=0 sched_tok=0 new=0 preempted=[] finished=[] | 8-a409e342:WAITING_FOR_REMOTE_KVS:c288/297:p0:b18
1787756818.944 step=1100 run=1 wait=0 skip=0 free=106 reserved=0 inflight_prefills=0 deferred=0entries/0blocks fences=[] sched_seq=0/proc_seq=0 sched_tok=1 new=0 preempted=[] finished=[] | 8-a409e342:RUNNING:c332/331:p0:b21
1787756819.579 step=1150 run=1 wait=0 skip=0 free=103 reserved=0 inflight_prefills=0 deferred=0entries/0blocks fences=[] sched_seq=0/proc_seq=0 sched_tok=1 new=0 preempted=[] finished=[] | 8-a409e342:RUNNING:c382/381:p0:b24
1787756820.370 step=1200 run=0 wait=0 skip=1 free=109 reserved=1 inflight_prefills=1 deferred=0entries/0blocks fences=[] sched_seq=0/proc_seq=0 sched_tok=0 new=0 preempted=[] finished=[] | 9-bab16902:WAITING_FOR_REMOTE_KVS:c288/297:p0:b18
1787756820.391 step=1250 run=0 wait=0 skip=1 free=109 reserved=1 inflight_prefills=1 deferred=0entries/0blocks fences=[] sched_seq=0/proc_seq=0 sched_tok=0 new=0 preempted=[] finished=[] | 9-bab16902:WAITING_FOR_REMOTE_KVS:c288/297:p0:b18
1787756820.636 step=1300 run=1 wait=0 skip=0 free=107 reserved=0 inflight_prefills=0 deferred=0entries/0blocks fences=[] sched_seq=0/proc_seq=0 sched_tok=1 new=0 preempted=[] finished=[] | 9-bab16902:RUNNING:c310/309:p0:b20
1787756821.287 step=1350 run=1 wait=0 skip=0 free=104 reserved=0 inflight_prefills=0 deferred=0entries/0blocks fences=[] sched_seq=0/proc_seq=0 sched_tok=1 new=0 preempted=[] finished=[] | 9-bab16902:RUNNING:c360/359:p0:b23
1787756822.342   match step=1400 10-85e93955 status=WAITING vllm_computed=0 -> (288, True)
1787756822.342   alloc step=1400 10-85e93955 ext=288
1787756822.342 step=1400 run=0 wait=0 skip=1 free=83 reserved=1 inflight_prefills=1 deferred=0entries/0blocks fences=[] sched_seq=0/proc_seq=0 sched_tok=0 new=0 preempted=[] finished=['9-bab16902'] | 10-85e93955:WAITING_FOR_REMOTE_KVS:c288/297:p0:b18 9-bab16902:FINISHED_LENGTH_CAPPED:c408/409:p0:b26
1787756822.366 step=1450 run=0 wait=0 skip=1 free=109 reserved=1 inflight_prefills=1 deferred=0entries/0blocks fences=[] sched_seq=0/proc_seq=0 sched_tok=0 new=0 preempted=[] finished=[] | 10-85e93955:WAITING_FOR_REMOTE_KVS:c288/297:p0:b18
1787756822.583 step=1500 run=1 wait=0 skip=0 free=107 reserved=0 inflight_prefills=0 deferred=0entries/0blocks fences=[] sched_seq=0/proc_seq=0 sched_tok=1 new=0 preempted=[] finished=[] | 10-85e93955:RUNNING:c308/307:p0:b20
1787756823.217 step=1550 run=1 wait=0 skip=0 free=104 reserved=0 inflight_prefills=0 deferred=0entries/0blocks fences=[] sched_seq=0/proc_seq=0 sched_tok=1 new=0 preempted=[] finished=[] | 10-85e93955:RUNNING:c358/357:p0:b23
1787756823.872 step=1600 run=1 wait=0 skip=0 free=101 reserved=0 inflight_prefills=0 deferred=0entries/0blocks fences=[] sched_seq=0/proc_seq=0 sched_tok=1 new=0 preempted=[] finished=[] | 10-85e93955:RUNNING:c408/407:p0:b26
1787756824.334 step=1650 run=0 wait=0 skip=1 free=109 reserved=1 inflight_prefills=1 deferred=0entries/0blocks fences=[] sched_seq=0/proc_seq=0 sched_tok=0 new=0 preempted=[] finished=[] | 11-be1dd74e:WAITING_FOR_REMOTE_KVS:c288/297:p0:b18
1787756824.347 step=1700 run=0 wait=0 skip=1 free=109 reserved=1 inflight_prefills=1 deferred=0entries/0blocks fences=[] sched_seq=0/proc_seq=0 sched_tok=0 new=0 preempted=[] finished=[] | 11-be1dd74e:WAITING_FOR_REMOTE_KVS:c288/297:p0:b18
1787756824.465 step=1750 run=1 wait=0 skip=0 free=108 reserved=0 inflight_prefills=0 deferred=0entries/0blocks fences=[] sched_seq=0/proc_seq=0 sched_tok=1 new=0 preempted=[] finished=[] | 11-be1dd74e:RUNNING:c302/301:p0:b19
1787756825.196 step=1800 run=1 wait=0 skip=0 free=105 reserved=0 inflight_prefills=0 deferred=0entries/0blocks fences=[] sched_seq=0/proc_seq=0 sched_tok=1 new=0 preempted=[] finished=[] | 11-be1dd74e:RUNNING:c352/351:p0:b22
1787756826.172 step=1850 run=1 wait=0 skip=0 free=101 reserved=0 inflight_prefills=0 deferred=0entries/0blocks fences=[] sched_seq=0/proc_seq=0 sched_tok=1 new=0 preempted=[] finished=[] | 11-be1dd74e:RUNNING:c402/401:p0:b26
